<?xml version="1.0"?>
<link_info>
   <banner>MSP430 Linker PC v4.3.3</banner>
   <copyright>Copyright (c) 2003-2014 Texas Instruments Incorporated</copyright>
   <link_time>0x54a9483d</link_time>
   <link_errors>0x0</link_errors>
   <output_file>SensorNode.out</output_file>
   <entry_point>
      <name>_c_int00</name>
      <address>0xc8f2</address>
   </entry_point>
   <input_file_list>
      <input_file id="fl-2">
         <path>.\</path>
         <kind>object</kind>
         <file>RFM73.obj</file>
         <name>RFM73.obj</name>
      </input_file>
      <input_file id="fl-3">
         <path>.\</path>
         <kind>object</kind>
         <file>main.obj</file>
         <name>main.obj</name>
      </input_file>
      <input_file id="fl-4">
         <path>.\</path>
         <kind>object</kind>
         <file>mesh.obj</file>
         <name>mesh.obj</name>
      </input_file>
      <input_file id="fl-5">
         <path>.\</path>
         <kind>object</kind>
         <file>misc.obj</file>
         <name>misc.obj</name>
      </input_file>
      <input_file id="fl-33">
         <path>E:\ti\ccsv6\tools\compiler\msp430_4.3.3\lib\</path>
         <kind>archive</kind>
         <file>rts430_eabi.lib</file>
         <name>boot.obj</name>
      </input_file>
      <input_file id="fl-34">
         <path>E:\ti\ccsv6\tools\compiler\msp430_4.3.3\lib\</path>
         <kind>archive</kind>
         <file>rts430_eabi.lib</file>
         <name>copy_decompress_none.obj</name>
      </input_file>
      <input_file id="fl-35">
         <path>E:\ti\ccsv6\tools\compiler\msp430_4.3.3\lib\</path>
         <kind>archive</kind>
         <file>rts430_eabi.lib</file>
         <name>copy_decompress_rle.obj</name>
      </input_file>
      <input_file id="fl-36">
         <path>E:\ti\ccsv6\tools\compiler\msp430_4.3.3\lib\</path>
         <kind>archive</kind>
         <file>rts430_eabi.lib</file>
         <name>copy_zero_init.obj</name>
      </input_file>
      <input_file id="fl-37">
         <path>E:\ti\ccsv6\tools\compiler\msp430_4.3.3\lib\</path>
         <kind>archive</kind>
         <file>rts430_eabi.lib</file>
         <name>div16s.obj</name>
      </input_file>
      <input_file id="fl-38">
         <path>E:\ti\ccsv6\tools\compiler\msp430_4.3.3\lib\</path>
         <kind>archive</kind>
         <file>rts430_eabi.lib</file>
         <name>div16u.obj</name>
      </input_file>
      <input_file id="fl-39">
         <path>E:\ti\ccsv6\tools\compiler\msp430_4.3.3\lib\</path>
         <kind>archive</kind>
         <file>rts430_eabi.lib</file>
         <name>epilog.obj</name>
      </input_file>
      <input_file id="fl-3a">
         <path>E:\ti\ccsv6\tools\compiler\msp430_4.3.3\lib\</path>
         <kind>archive</kind>
         <file>rts430_eabi.lib</file>
         <name>exit.obj</name>
      </input_file>
      <input_file id="fl-3b">
         <path>E:\ti\ccsv6\tools\compiler\msp430_4.3.3\lib\</path>
         <kind>archive</kind>
         <file>rts430_eabi.lib</file>
         <name>int02.obj</name>
      </input_file>
      <input_file id="fl-3c">
         <path>E:\ti\ccsv6\tools\compiler\msp430_4.3.3\lib\</path>
         <kind>archive</kind>
         <file>rts430_eabi.lib</file>
         <name>int03.obj</name>
      </input_file>
      <input_file id="fl-3d">
         <path>E:\ti\ccsv6\tools\compiler\msp430_4.3.3\lib\</path>
         <kind>archive</kind>
         <file>rts430_eabi.lib</file>
         <name>int05.obj</name>
      </input_file>
      <input_file id="fl-3e">
         <path>E:\ti\ccsv6\tools\compiler\msp430_4.3.3\lib\</path>
         <kind>archive</kind>
         <file>rts430_eabi.lib</file>
         <name>int06.obj</name>
      </input_file>
      <input_file id="fl-3f">
         <path>E:\ti\ccsv6\tools\compiler\msp430_4.3.3\lib\</path>
         <kind>archive</kind>
         <file>rts430_eabi.lib</file>
         <name>int07.obj</name>
      </input_file>
      <input_file id="fl-40">
         <path>E:\ti\ccsv6\tools\compiler\msp430_4.3.3\lib\</path>
         <kind>archive</kind>
         <file>rts430_eabi.lib</file>
         <name>int08.obj</name>
      </input_file>
      <input_file id="fl-41">
         <path>E:\ti\ccsv6\tools\compiler\msp430_4.3.3\lib\</path>
         <kind>archive</kind>
         <file>rts430_eabi.lib</file>
         <name>int09.obj</name>
      </input_file>
      <input_file id="fl-42">
         <path>E:\ti\ccsv6\tools\compiler\msp430_4.3.3\lib\</path>
         <kind>archive</kind>
         <file>rts430_eabi.lib</file>
         <name>int10.obj</name>
      </input_file>
      <input_file id="fl-43">
         <path>E:\ti\ccsv6\tools\compiler\msp430_4.3.3\lib\</path>
         <kind>archive</kind>
         <file>rts430_eabi.lib</file>
         <name>int11.obj</name>
      </input_file>
      <input_file id="fl-44">
         <path>E:\ti\ccsv6\tools\compiler\msp430_4.3.3\lib\</path>
         <kind>archive</kind>
         <file>rts430_eabi.lib</file>
         <name>int12.obj</name>
      </input_file>
      <input_file id="fl-45">
         <path>E:\ti\ccsv6\tools\compiler\msp430_4.3.3\lib\</path>
         <kind>archive</kind>
         <file>rts430_eabi.lib</file>
         <name>int13.obj</name>
      </input_file>
      <input_file id="fl-46">
         <path>E:\ti\ccsv6\tools\compiler\msp430_4.3.3\lib\</path>
         <kind>archive</kind>
         <file>rts430_eabi.lib</file>
         <name>int14.obj</name>
      </input_file>
      <input_file id="fl-47">
         <path>E:\ti\ccsv6\tools\compiler\msp430_4.3.3\lib\</path>
         <kind>archive</kind>
         <file>rts430_eabi.lib</file>
         <name>isr_trap.obj</name>
      </input_file>
      <input_file id="fl-48">
         <path>E:\ti\ccsv6\tools\compiler\msp430_4.3.3\lib\</path>
         <kind>archive</kind>
         <file>rts430_eabi.lib</file>
         <name>lsr32.obj</name>
      </input_file>
      <input_file id="fl-49">
         <path>E:\ti\ccsv6\tools\compiler\msp430_4.3.3\lib\</path>
         <kind>archive</kind>
         <file>rts430_eabi.lib</file>
         <name>memcpy.obj</name>
      </input_file>
      <input_file id="fl-4a">
         <path>E:\ti\ccsv6\tools\compiler\msp430_4.3.3\lib\</path>
         <kind>archive</kind>
         <file>rts430_eabi.lib</file>
         <name>memory.obj</name>
      </input_file>
      <input_file id="fl-4b">
         <path>E:\ti\ccsv6\tools\compiler\msp430_4.3.3\lib\</path>
         <kind>archive</kind>
         <file>rts430_eabi.lib</file>
         <name>memset.obj</name>
      </input_file>
      <input_file id="fl-4c">
         <path>E:\ti\ccsv6\tools\compiler\msp430_4.3.3\lib\</path>
         <kind>archive</kind>
         <file>rts430_eabi.lib</file>
         <name>mpu_init.obj</name>
      </input_file>
      <input_file id="fl-4d">
         <path>E:\ti\ccsv6\tools\compiler\msp430_4.3.3\lib\</path>
         <kind>archive</kind>
         <file>rts430_eabi.lib</file>
         <name>mult16.obj</name>
      </input_file>
      <input_file id="fl-4e">
         <path>E:\ti\ccsv6\tools\compiler\msp430_4.3.3\lib\</path>
         <kind>archive</kind>
         <file>rts430_eabi.lib</file>
         <name>pre_init.obj</name>
      </input_file>
      <input_file id="fl-4f">
         <path>E:\ti\ccsv6\tools\compiler\msp430_4.3.3\lib\</path>
         <kind>archive</kind>
         <file>rts430_eabi.lib</file>
         <name>_lock.obj</name>
      </input_file>
      <input_file id="fl-50">
         <path>E:\ti\ccsv6\tools\compiler\msp430_4.3.3\lib\</path>
         <kind>archive</kind>
         <file>rts430_eabi.lib</file>
         <name>args_main.obj</name>
      </input_file>
      <input_file id="fl-51">
         <path>E:\ti\ccsv6\tools\compiler\msp430_4.3.3\lib\</path>
         <kind>archive</kind>
         <file>rts430_eabi.lib</file>
         <name>autoinit.obj</name>
      </input_file>
   </input_file_list>
   <object_component_list>
      <object_component id="oc-56">
         <name>.sysmem</name>
         <uninitialized>true</uninitialized>
         <run_address>0x2a8</run_address>
         <size>0x4</size>
         <input_file_ref idref="fl-4a"/>
      </object_component>
      <object_component id="oc-22b">
         <name>.sysmem</name>
         <uninitialized>true</uninitialized>
         <run_address>0x2a8</run_address>
         <size>0x0</size>
      </object_component>
      <object_component id="oc-52">
         <name>.stack</name>
         <uninitialized>true</uninitialized>
         <run_address>0x3b0</run_address>
         <size>0x2</size>
         <input_file_ref idref="fl-33"/>
      </object_component>
      <object_component id="oc-22a">
         <name>.stack</name>
         <uninitialized>true</uninitialized>
         <run_address>0x3b0</run_address>
         <size>0x0</size>
      </object_component>
      <object_component id="oc-10a">
         <name>.text:RFM73_Initialize</name>
         <load_address>0xc000</load_address>
         <run_address>0xc000</run_address>
         <size>0x236</size>
         <input_file_ref idref="fl-2"/>
      </object_component>
      <object_component id="oc-c4">
         <name>.text:malloc</name>
         <load_address>0xc236</load_address>
         <run_address>0xc236</run_address>
         <size>0xae</size>
         <input_file_ref idref="fl-4a"/>
      </object_component>
      <object_component id="oc-1c4">
         <name>.text:sendRoutingTable</name>
         <load_address>0xc2e4</load_address>
         <run_address>0xc2e4</run_address>
         <size>0x94</size>
         <input_file_ref idref="fl-4"/>
      </object_component>
      <object_component id="oc-117">
         <name>.text:sendPacket</name>
         <load_address>0xc378</load_address>
         <run_address>0xc378</run_address>
         <size>0x8c</size>
         <input_file_ref idref="fl-4"/>
      </object_component>
      <object_component id="oc-dd">
         <name>.text:receivePacket</name>
         <load_address>0xc404</load_address>
         <run_address>0xc404</run_address>
         <size>0x88</size>
         <input_file_ref idref="fl-4"/>
      </object_component>
      <object_component id="oc-152">
         <name>.text:processReceivedData</name>
         <load_address>0xc48c</load_address>
         <run_address>0xc48c</run_address>
         <size>0x86</size>
         <input_file_ref idref="fl-4"/>
      </object_component>
      <object_component id="oc-6a">
         <name>.text:main</name>
         <load_address>0xc512</load_address>
         <run_address>0xc512</run_address>
         <size>0x7c</size>
         <input_file_ref idref="fl-3"/>
      </object_component>
      <object_component id="oc-b2">
         <name>.text:initMesh</name>
         <load_address>0xc58e</load_address>
         <run_address>0xc58e</run_address>
         <size>0x72</size>
         <input_file_ref idref="fl-4"/>
      </object_component>
      <object_component id="oc-8b">
         <name>.text:__TI_decompress_rle_core</name>
         <load_address>0xc600</load_address>
         <run_address>0xc600</run_address>
         <size>0x5e</size>
         <input_file_ref idref="fl-35"/>
      </object_component>
      <object_component id="oc-64">
         <name>.text:_auto_init</name>
         <load_address>0xc65e</load_address>
         <run_address>0xc65e</run_address>
         <size>0x5e</size>
         <input_file_ref idref="fl-51"/>
      </object_component>
      <object_component id="oc-1be">
         <name>.text:updateTableFromRxBuffer</name>
         <load_address>0xc6bc</load_address>
         <run_address>0xc6bc</run_address>
         <size>0x5c</size>
         <input_file_ref idref="fl-4"/>
      </object_component>
      <object_component id="oc-18e">
         <name>.text:SPI_RW</name>
         <load_address>0xc718</load_address>
         <run_address>0xc718</run_address>
         <size>0x44</size>
         <input_file_ref idref="fl-2"/>
      </object_component>
      <object_component id="oc-be">
         <name>.text:SwitchToRxMode</name>
         <load_address>0xc75c</load_address>
         <run_address>0xc75c</run_address>
         <size>0x38</size>
         <input_file_ref idref="fl-2"/>
      </object_component>
      <object_component id="oc-132">
         <name>.text:minit</name>
         <load_address>0xc794</load_address>
         <run_address>0xc794</run_address>
         <size>0x38</size>
         <input_file_ref idref="fl-4a"/>
      </object_component>
      <object_component id="oc-b8">
         <name>.text:UARTInit</name>
         <load_address>0xc7cc</load_address>
         <run_address>0xc7cc</run_address>
         <size>0x36</size>
         <input_file_ref idref="fl-5"/>
      </object_component>
      <object_component id="oc-149">
         <name>.text:SPI_Read_Buf</name>
         <load_address>0xc802</load_address>
         <run_address>0xc802</run_address>
         <size>0x30</size>
         <input_file_ref idref="fl-2"/>
      </object_component>
      <object_component id="oc-16e">
         <name>.text:SPI_Write_Buf</name>
         <load_address>0xc832</load_address>
         <run_address>0xc832</run_address>
         <size>0x2c</size>
         <input_file_ref idref="fl-2"/>
      </object_component>
      <object_component id="oc-162">
         <name>.text:SwitchCFG</name>
         <load_address>0xc85e</load_address>
         <run_address>0xc85e</run_address>
         <size>0x2c</size>
         <input_file_ref idref="fl-2"/>
      </object_component>
      <object_component id="oc-d7">
         <name>.text:DelayMs</name>
         <load_address>0xc88a</load_address>
         <run_address>0xc88a</run_address>
         <size>0x28</size>
         <input_file_ref idref="fl-2"/>
      </object_component>
      <object_component id="oc-187">
         <name>.text:SwitchToTxMode</name>
         <load_address>0xc8b2</load_address>
         <run_address>0xc8b2</run_address>
         <size>0x26</size>
         <input_file_ref idref="fl-2"/>
      </object_component>
      <object_component id="oc-11f">
         <name>.text:SPI_Write_Reg</name>
         <load_address>0xc8d8</load_address>
         <run_address>0xc8d8</run_address>
         <size>0x1a</size>
         <input_file_ref idref="fl-2"/>
      </object_component>
      <object_component id="oc-3a">
         <name>.text:_c_int00_noexit</name>
         <load_address>0xc8f2</load_address>
         <run_address>0xc8f2</run_address>
         <size>0x1a</size>
         <input_file_ref idref="fl-33"/>
      </object_component>
      <object_component id="oc-125">
         <name>.text:SPI_Read_Reg</name>
         <load_address>0xc90c</load_address>
         <run_address>0xc90c</run_address>
         <size>0x18</size>
         <input_file_ref idref="fl-2"/>
      </object_component>
      <object_component id="oc-d1">
         <name>.text:UARTSendArray</name>
         <load_address>0xc924</load_address>
         <run_address>0xc924</run_address>
         <size>0x18</size>
         <input_file_ref idref="fl-5"/>
      </object_component>
      <object_component id="oc-46">
         <name>.text:decompress:ZI:__TI_zero_init</name>
         <load_address>0xc93c</load_address>
         <run_address>0xc93c</run_address>
         <size>0x14</size>
         <input_file_ref idref="fl-36"/>
      </object_component>
      <object_component id="oc-ca">
         <name>.text:memset</name>
         <load_address>0xc950</load_address>
         <run_address>0xc950</run_address>
         <size>0x14</size>
         <input_file_ref idref="fl-4b"/>
      </object_component>
      <object_component id="oc-140">
         <name>.text</name>
         <load_address>0xc964</load_address>
         <run_address>0xc964</run_address>
         <size>0x14</size>
         <input_file_ref idref="fl-4d"/>
      </object_component>
      <object_component id="oc-40">
         <name>.text:decompress:none:__TI_decompress_none</name>
         <load_address>0xc978</load_address>
         <run_address>0xc978</run_address>
         <size>0x12</size>
         <input_file_ref idref="fl-34"/>
      </object_component>
      <object_component id="oc-17a">
         <name>.text:l_lsr</name>
         <load_address>0xc98a</load_address>
         <run_address>0xc98a</run_address>
         <size>0x12</size>
         <input_file_ref idref="fl-48"/>
      </object_component>
      <object_component id="oc-77">
         <name>.text:memcpy</name>
         <load_address>0xc99c</load_address>
         <run_address>0xc99c</run_address>
         <size>0x12</size>
         <input_file_ref idref="fl-49"/>
      </object_component>
      <object_component id="oc-a5">
         <name>.text</name>
         <load_address>0xc9ae</load_address>
         <run_address>0xc9ae</run_address>
         <size>0x10</size>
         <input_file_ref idref="fl-39"/>
      </object_component>
      <object_component id="oc-ac">
         <name>.text:dataReceived</name>
         <load_address>0xc9be</load_address>
         <run_address>0xc9be</run_address>
         <size>0xe</size>
         <input_file_ref idref="fl-3"/>
      </object_component>
      <object_component id="oc-59">
         <name>.text:__TI_ISR_TRAP</name>
         <load_address>0xc9cc</load_address>
         <run_address>0xc9cc</run_address>
         <size>0x6</size>
         <input_file_ref idref="fl-47"/>
      </object_component>
      <object_component id="oc-4c">
         <name>.text:decompress:rle24:__TI_decompress_rle24</name>
         <load_address>0xc9d2</load_address>
         <run_address>0xc9d2</run_address>
         <size>0x6</size>
         <input_file_ref idref="fl-35"/>
      </object_component>
      <object_component id="oc-5e">
         <name>.text:_system_pre_init</name>
         <load_address>0xc9d8</load_address>
         <run_address>0xc9d8</run_address>
         <size>0x4</size>
         <input_file_ref idref="fl-4e"/>
      </object_component>
      <object_component id="oc-70">
         <name>.text:abort</name>
         <load_address>0xc9dc</load_address>
         <run_address>0xc9dc</run_address>
         <size>0x4</size>
         <input_file_ref idref="fl-3a"/>
      </object_component>
      <object_component id="oc-198">
         <name>.text:_nop</name>
         <load_address>0xc9e0</load_address>
         <run_address>0xc9e0</run_address>
         <size>0x2</size>
         <input_file_ref idref="fl-4f"/>
      </object_component>
      <object_component id="oc-229">
         <name>.cinit..data.load</name>
         <load_address>0xca86</load_address>
         <run_address>0xca86</run_address>
         <size>0xe</size>
      </object_component>
      <object_component id="oc-226">
         <name>__TI_handler_table</name>
         <load_address>0xca94</load_address>
         <run_address>0xca94</run_address>
         <size>0x6</size>
      </object_component>
      <object_component id="oc-228">
         <name>.cinit..bss.load</name>
         <load_address>0xca9a</load_address>
         <run_address>0xca9a</run_address>
         <size>0x4</size>
      </object_component>
      <object_component id="oc-227">
         <name>__TI_cinit_table</name>
         <load_address>0xca9e</load_address>
         <run_address>0xca9e</run_address>
         <size>0x8</size>
      </object_component>
      <object_component id="oc-177">
         <name>.const:Bank1_Reg0_13</name>
         <load_address>0xc9e2</load_address>
         <run_address>0xc9e2</run_address>
         <size>0x38</size>
         <input_file_ref idref="fl-2"/>
      </object_component>
      <object_component id="oc-168">
         <name>.const:Bank0_Reg</name>
         <load_address>0xca1a</load_address>
         <run_address>0xca1a</run_address>
         <size>0x2e</size>
         <input_file_ref idref="fl-2"/>
      </object_component>
      <object_component id="oc-d0">
         <name>.const:.string</name>
         <load_address>0xca48</load_address>
         <run_address>0xca48</run_address>
         <size>0x26</size>
         <input_file_ref idref="fl-3"/>
      </object_component>
      <object_component id="oc-17f">
         <name>.const:.string:Bank1_Reg14</name>
         <load_address>0xca6e</load_address>
         <run_address>0xca6e</run_address>
         <size>0xb</size>
         <input_file_ref idref="fl-2"/>
      </object_component>
      <object_component id="oc-16b">
         <name>.const:.string:RX0_Address</name>
         <load_address>0xca7a</load_address>
         <run_address>0xca7a</run_address>
         <size>0x5</size>
         <input_file_ref idref="fl-2"/>
      </object_component>
      <object_component id="oc-174">
         <name>.const:.string:RX1_Address</name>
         <load_address>0xca80</load_address>
         <run_address>0xca80</run_address>
         <size>0x5</size>
         <input_file_ref idref="fl-2"/>
      </object_component>
      <object_component id="oc-2e">
         <name>.int02</name>
         <load_address>0xffe4</load_address>
         <run_address>0xffe4</run_address>
         <size>0x2</size>
         <input_file_ref idref="fl-3b"/>
      </object_component>
      <object_component id="oc-2f">
         <name>.int03</name>
         <load_address>0xffe6</load_address>
         <run_address>0xffe6</run_address>
         <size>0x2</size>
         <input_file_ref idref="fl-3c"/>
      </object_component>
      <object_component id="oc-30">
         <name>.int05</name>
         <load_address>0xffea</load_address>
         <run_address>0xffea</run_address>
         <size>0x2</size>
         <input_file_ref idref="fl-3d"/>
      </object_component>
      <object_component id="oc-31">
         <name>.int06</name>
         <load_address>0xffec</load_address>
         <run_address>0xffec</run_address>
         <size>0x2</size>
         <input_file_ref idref="fl-3e"/>
      </object_component>
      <object_component id="oc-32">
         <name>.int07</name>
         <load_address>0xffee</load_address>
         <run_address>0xffee</run_address>
         <size>0x2</size>
         <input_file_ref idref="fl-3f"/>
      </object_component>
      <object_component id="oc-33">
         <name>.int08</name>
         <load_address>0xfff0</load_address>
         <run_address>0xfff0</run_address>
         <size>0x2</size>
         <input_file_ref idref="fl-40"/>
      </object_component>
      <object_component id="oc-34">
         <name>.int09</name>
         <load_address>0xfff2</load_address>
         <run_address>0xfff2</run_address>
         <size>0x2</size>
         <input_file_ref idref="fl-41"/>
      </object_component>
      <object_component id="oc-35">
         <name>.int10</name>
         <load_address>0xfff4</load_address>
         <run_address>0xfff4</run_address>
         <size>0x2</size>
         <input_file_ref idref="fl-42"/>
      </object_component>
      <object_component id="oc-36">
         <name>.int11</name>
         <load_address>0xfff6</load_address>
         <run_address>0xfff6</run_address>
         <size>0x2</size>
         <input_file_ref idref="fl-43"/>
      </object_component>
      <object_component id="oc-37">
         <name>.int12</name>
         <load_address>0xfff8</load_address>
         <run_address>0xfff8</run_address>
         <size>0x2</size>
         <input_file_ref idref="fl-44"/>
      </object_component>
      <object_component id="oc-38">
         <name>.int13</name>
         <load_address>0xfffa</load_address>
         <run_address>0xfffa</run_address>
         <size>0x2</size>
         <input_file_ref idref="fl-45"/>
      </object_component>
      <object_component id="oc-39">
         <name>.int14</name>
         <load_address>0xfffc</load_address>
         <run_address>0xfffc</run_address>
         <size>0x2</size>
         <input_file_ref idref="fl-46"/>
      </object_component>
      <object_component id="oc-55">
         <name>.reset</name>
         <load_address>0xfffe</load_address>
         <run_address>0xfffe</run_address>
         <size>0x2</size>
         <input_file_ref idref="fl-33"/>
      </object_component>
      <object_component id="oc-1d0">
         <name>.common:op_status</name>
         <uninitialized>true</uninitialized>
         <run_address>0x2a6</run_address>
         <size>0x1</size>
      </object_component>
      <object_component id="oc-1e3">
         <name>.common:rxBuffer</name>
         <uninitialized>true</uninitialized>
         <run_address>0x260</run_address>
         <size>0x20</size>
      </object_component>
      <object_component id="oc-1ee">
         <name>.common:txBuffer</name>
         <uninitialized>true</uninitialized>
         <run_address>0x280</run_address>
         <size>0x20</size>
      </object_component>
      <object_component id="oc-1eb">
         <name>.common:routingTable</name>
         <uninitialized>true</uninitialized>
         <run_address>0x200</run_address>
         <size>0x60</size>
      </object_component>
      <object_component id="oc-1a4">
         <name>.common:sys_free</name>
         <uninitialized>true</uninitialized>
         <run_address>0x2a4</run_address>
         <size>0x2</size>
      </object_component>
      <object_component id="oc-1a7">
         <name>.common:sys_base</name>
         <uninitialized>true</uninitialized>
         <run_address>0x2a2</run_address>
         <size>0x2</size>
      </object_component>
      <object_component id="oc-1a6">
         <name>.common:memsize</name>
         <uninitialized>true</uninitialized>
         <run_address>0x2a0</run_address>
         <size>0x2</size>
      </object_component>
      <object_component id="oc-114">
         <name>.data</name>
         <load_address>0x2f8</load_address>
         <run_address>0x2f8</run_address>
         <size>0x4</size>
         <input_file_ref idref="fl-4"/>
      </object_component>
      <object_component id="oc-12c">
         <name>.data</name>
         <load_address>0x2fc</load_address>
         <run_address>0x2fc</run_address>
         <size>0x4</size>
         <input_file_ref idref="fl-4f"/>
      </object_component>
      <object_component id="oc-12f">
         <name>.data</name>
         <load_address>0x300</load_address>
         <run_address>0x300</run_address>
         <size>0x2</size>
         <input_file_ref idref="fl-4a"/>
      </object_component>
      <object_component id="oc-3b">
         <name>.debug_frame</name>
         <load_address>0x0</load_address>
         <run_address>0x0</run_address>
         <size>0x42</size>
         <input_file_ref idref="fl-33"/>
      </object_component>
      <object_component id="oc-45">
         <name>.debug_frame</name>
         <load_address>0x42</load_address>
         <run_address>0x42</run_address>
         <size>0x47</size>
         <input_file_ref idref="fl-34"/>
      </object_component>
      <object_component id="oc-4b">
         <name>.debug_frame</name>
         <load_address>0x89</load_address>
         <run_address>0x89</run_address>
         <size>0x47</size>
         <input_file_ref idref="fl-36"/>
      </object_component>
      <object_component id="oc-51">
         <name>.debug_frame</name>
         <load_address>0xd0</load_address>
         <run_address>0xd0</run_address>
         <size>0x47</size>
         <input_file_ref idref="fl-35"/>
      </object_component>
      <object_component id="oc-63">
         <name>.debug_frame</name>
         <load_address>0x117</load_address>
         <run_address>0x117</run_address>
         <size>0x47</size>
         <input_file_ref idref="fl-4e"/>
      </object_component>
      <object_component id="oc-69">
         <name>.debug_frame</name>
         <load_address>0x15e</load_address>
         <run_address>0x15e</run_address>
         <size>0x51</size>
         <input_file_ref idref="fl-51"/>
      </object_component>
      <object_component id="oc-6f">
         <name>.debug_frame</name>
         <load_address>0x1af</load_address>
         <run_address>0x1af</run_address>
         <size>0x51</size>
         <input_file_ref idref="fl-3"/>
      </object_component>
      <object_component id="oc-75">
         <name>.debug_frame</name>
         <load_address>0x200</load_address>
         <run_address>0x200</run_address>
         <size>0x47</size>
         <input_file_ref idref="fl-3a"/>
      </object_component>
      <object_component id="oc-7c">
         <name>.debug_frame</name>
         <load_address>0x247</load_address>
         <run_address>0x247</run_address>
         <size>0x47</size>
         <input_file_ref idref="fl-49"/>
      </object_component>
      <object_component id="oc-90">
         <name>.debug_frame</name>
         <load_address>0x28e</load_address>
         <run_address>0x28e</run_address>
         <size>0x51</size>
         <input_file_ref idref="fl-35"/>
      </object_component>
      <object_component id="oc-b1">
         <name>.debug_frame</name>
         <load_address>0x2df</load_address>
         <run_address>0x2df</run_address>
         <size>0x47</size>
         <input_file_ref idref="fl-3"/>
      </object_component>
      <object_component id="oc-b7">
         <name>.debug_frame</name>
         <load_address>0x326</load_address>
         <run_address>0x326</run_address>
         <size>0x56</size>
         <input_file_ref idref="fl-4"/>
      </object_component>
      <object_component id="oc-bd">
         <name>.debug_frame</name>
         <load_address>0x37c</load_address>
         <run_address>0x37c</run_address>
         <size>0x47</size>
         <input_file_ref idref="fl-5"/>
      </object_component>
      <object_component id="oc-c3">
         <name>.debug_frame</name>
         <load_address>0x3c3</load_address>
         <run_address>0x3c3</run_address>
         <size>0x47</size>
         <input_file_ref idref="fl-2"/>
      </object_component>
      <object_component id="oc-c9">
         <name>.debug_frame</name>
         <load_address>0x40a</load_address>
         <run_address>0x40a</run_address>
         <size>0x52</size>
         <input_file_ref idref="fl-4a"/>
      </object_component>
      <object_component id="oc-cf">
         <name>.debug_frame</name>
         <load_address>0x45c</load_address>
         <run_address>0x45c</run_address>
         <size>0x47</size>
         <input_file_ref idref="fl-4b"/>
      </object_component>
      <object_component id="oc-d6">
         <name>.debug_frame</name>
         <load_address>0x4a3</load_address>
         <run_address>0x4a3</run_address>
         <size>0x47</size>
         <input_file_ref idref="fl-5"/>
      </object_component>
      <object_component id="oc-dc">
         <name>.debug_frame</name>
         <load_address>0x4ea</load_address>
         <run_address>0x4ea</run_address>
         <size>0x4d</size>
         <input_file_ref idref="fl-2"/>
      </object_component>
      <object_component id="oc-e2">
         <name>.debug_frame</name>
         <load_address>0x537</load_address>
         <run_address>0x537</run_address>
         <size>0x52</size>
         <input_file_ref idref="fl-4"/>
      </object_component>
      <object_component id="oc-10f">
         <name>.debug_frame</name>
         <load_address>0x589</load_address>
         <run_address>0x589</run_address>
         <size>0x58</size>
         <input_file_ref idref="fl-2"/>
      </object_component>
      <object_component id="oc-11c">
         <name>.debug_frame</name>
         <load_address>0x5e1</load_address>
         <run_address>0x5e1</run_address>
         <size>0x61</size>
         <input_file_ref idref="fl-4"/>
      </object_component>
      <object_component id="oc-124">
         <name>.debug_frame</name>
         <load_address>0x642</load_address>
         <run_address>0x642</run_address>
         <size>0x47</size>
         <input_file_ref idref="fl-2"/>
      </object_component>
      <object_component id="oc-12a">
         <name>.debug_frame</name>
         <load_address>0x689</load_address>
         <run_address>0x689</run_address>
         <size>0x47</size>
         <input_file_ref idref="fl-2"/>
      </object_component>
      <object_component id="oc-137">
         <name>.debug_frame</name>
         <load_address>0x6d0</load_address>
         <run_address>0x6d0</run_address>
         <size>0x47</size>
         <input_file_ref idref="fl-4a"/>
      </object_component>
      <object_component id="oc-14e">
         <name>.debug_frame</name>
         <load_address>0x717</load_address>
         <run_address>0x717</run_address>
         <size>0x51</size>
         <input_file_ref idref="fl-2"/>
      </object_component>
      <object_component id="oc-157">
         <name>.debug_frame</name>
         <load_address>0x768</load_address>
         <run_address>0x768</run_address>
         <size>0x4d</size>
         <input_file_ref idref="fl-4"/>
      </object_component>
      <object_component id="oc-167">
         <name>.debug_frame</name>
         <load_address>0x7b5</load_address>
         <run_address>0x7b5</run_address>
         <size>0x47</size>
         <input_file_ref idref="fl-2"/>
      </object_component>
      <object_component id="oc-173">
         <name>.debug_frame</name>
         <load_address>0x7fc</load_address>
         <run_address>0x7fc</run_address>
         <size>0x51</size>
         <input_file_ref idref="fl-2"/>
      </object_component>
      <object_component id="oc-18c">
         <name>.debug_frame</name>
         <load_address>0x84d</load_address>
         <run_address>0x84d</run_address>
         <size>0x47</size>
         <input_file_ref idref="fl-2"/>
      </object_component>
      <object_component id="oc-193">
         <name>.debug_frame</name>
         <load_address>0x894</load_address>
         <run_address>0x894</run_address>
         <size>0x47</size>
         <input_file_ref idref="fl-2"/>
      </object_component>
      <object_component id="oc-19d">
         <name>.debug_frame</name>
         <load_address>0x8db</load_address>
         <run_address>0x8db</run_address>
         <size>0x47</size>
         <input_file_ref idref="fl-4f"/>
      </object_component>
      <object_component id="oc-1c3">
         <name>.debug_frame</name>
         <load_address>0x922</load_address>
         <run_address>0x922</run_address>
         <size>0x50</size>
         <input_file_ref idref="fl-4"/>
      </object_component>
      <object_component id="oc-1c9">
         <name>.debug_frame</name>
         <load_address>0x972</load_address>
         <run_address>0x972</run_address>
         <size>0x57</size>
         <input_file_ref idref="fl-4"/>
      </object_component>
      <object_component id="oc-3c">
         <name>.debug_line</name>
         <load_address>0x0</load_address>
         <run_address>0x0</run_address>
         <size>0x44</size>
         <input_file_ref idref="fl-33"/>
      </object_component>
      <object_component id="oc-44">
         <name>.debug_line</name>
         <load_address>0x44</load_address>
         <run_address>0x44</run_address>
         <size>0x50</size>
         <input_file_ref idref="fl-34"/>
      </object_component>
      <object_component id="oc-4a">
         <name>.debug_line</name>
         <load_address>0x94</load_address>
         <run_address>0x94</run_address>
         <size>0x4d</size>
         <input_file_ref idref="fl-36"/>
      </object_component>
      <object_component id="oc-50">
         <name>.debug_line</name>
         <load_address>0xe1</load_address>
         <run_address>0xe1</run_address>
         <size>0x49</size>
         <input_file_ref idref="fl-35"/>
      </object_component>
      <object_component id="oc-5d">
         <name>.debug_line</name>
         <load_address>0x12a</load_address>
         <run_address>0x12a</run_address>
         <size>0x3c</size>
         <input_file_ref idref="fl-47"/>
      </object_component>
      <object_component id="oc-62">
         <name>.debug_line</name>
         <load_address>0x166</load_address>
         <run_address>0x166</run_address>
         <size>0x3e</size>
         <input_file_ref idref="fl-4e"/>
      </object_component>
      <object_component id="oc-68">
         <name>.debug_line</name>
         <load_address>0x1a4</load_address>
         <run_address>0x1a4</run_address>
         <size>0x6b</size>
         <input_file_ref idref="fl-51"/>
      </object_component>
      <object_component id="oc-6e">
         <name>.debug_line</name>
         <load_address>0x20f</load_address>
         <run_address>0x20f</run_address>
         <size>0x67</size>
         <input_file_ref idref="fl-3"/>
      </object_component>
      <object_component id="oc-74">
         <name>.debug_line</name>
         <load_address>0x276</load_address>
         <run_address>0x276</run_address>
         <size>0x3a</size>
         <input_file_ref idref="fl-3a"/>
      </object_component>
      <object_component id="oc-7b">
         <name>.debug_line</name>
         <load_address>0x2b0</load_address>
         <run_address>0x2b0</run_address>
         <size>0x45</size>
         <input_file_ref idref="fl-49"/>
      </object_component>
      <object_component id="oc-81">
         <name>.debug_line</name>
         <load_address>0x2f5</load_address>
         <run_address>0x2f5</run_address>
         <size>0x3a</size>
         <input_file_ref idref="fl-34"/>
      </object_component>
      <object_component id="oc-88">
         <name>.debug_line</name>
         <load_address>0x32f</load_address>
         <run_address>0x32f</run_address>
         <size>0x34</size>
         <input_file_ref idref="fl-36"/>
      </object_component>
      <object_component id="oc-8f">
         <name>.debug_line</name>
         <load_address>0x363</load_address>
         <run_address>0x363</run_address>
         <size>0x81</size>
         <input_file_ref idref="fl-35"/>
      </object_component>
      <object_component id="oc-96">
         <name>.debug_line</name>
         <load_address>0x3e4</load_address>
         <run_address>0x3e4</run_address>
         <size>0x39</size>
         <input_file_ref idref="fl-35"/>
      </object_component>
      <object_component id="oc-99">
         <name>.debug_line</name>
         <load_address>0x41d</load_address>
         <run_address>0x41d</run_address>
         <size>0x2a</size>
         <input_file_ref idref="fl-33"/>
      </object_component>
      <object_component id="oc-9d">
         <name>.debug_line</name>
         <load_address>0x447</load_address>
         <run_address>0x447</run_address>
         <size>0x20</size>
         <input_file_ref idref="fl-2"/>
      </object_component>
      <object_component id="oc-a0">
         <name>.debug_line</name>
         <load_address>0x467</load_address>
         <run_address>0x467</run_address>
         <size>0x2c</size>
         <input_file_ref idref="fl-4a"/>
      </object_component>
      <object_component id="oc-a9">
         <name>.debug_line</name>
         <load_address>0x493</load_address>
         <run_address>0x493</run_address>
         <size>0x40</size>
         <input_file_ref idref="fl-39"/>
      </object_component>
      <object_component id="oc-b0">
         <name>.debug_line</name>
         <load_address>0x4d3</load_address>
         <run_address>0x4d3</run_address>
         <size>0x40</size>
         <input_file_ref idref="fl-3"/>
      </object_component>
      <object_component id="oc-b6">
         <name>.debug_line</name>
         <load_address>0x513</load_address>
         <run_address>0x513</run_address>
         <size>0x86</size>
         <input_file_ref idref="fl-4"/>
      </object_component>
      <object_component id="oc-bc">
         <name>.debug_line</name>
         <load_address>0x599</load_address>
         <run_address>0x599</run_address>
         <size>0x79</size>
         <input_file_ref idref="fl-5"/>
      </object_component>
      <object_component id="oc-c2">
         <name>.debug_line</name>
         <load_address>0x612</load_address>
         <run_address>0x612</run_address>
         <size>0x7e</size>
         <input_file_ref idref="fl-2"/>
      </object_component>
      <object_component id="oc-c8">
         <name>.debug_line</name>
         <load_address>0x690</load_address>
         <run_address>0x690</run_address>
         <size>0x9e</size>
         <input_file_ref idref="fl-4a"/>
      </object_component>
      <object_component id="oc-ce">
         <name>.debug_line</name>
         <load_address>0x72e</load_address>
         <run_address>0x72e</run_address>
         <size>0x60</size>
         <input_file_ref idref="fl-4b"/>
      </object_component>
      <object_component id="oc-d5">
         <name>.debug_line</name>
         <load_address>0x78e</load_address>
         <run_address>0x78e</run_address>
         <size>0x7a</size>
         <input_file_ref idref="fl-5"/>
      </object_component>
      <object_component id="oc-db">
         <name>.debug_line</name>
         <load_address>0x808</load_address>
         <run_address>0x808</run_address>
         <size>0x7d</size>
         <input_file_ref idref="fl-2"/>
      </object_component>
      <object_component id="oc-e1">
         <name>.debug_line</name>
         <load_address>0x885</load_address>
         <run_address>0x885</run_address>
         <size>0x99</size>
         <input_file_ref idref="fl-4"/>
      </object_component>
      <object_component id="oc-ec">
         <name>.debug_line</name>
         <load_address>0x91e</load_address>
         <run_address>0x91e</run_address>
         <size>0x5c</size>
         <input_file_ref idref="fl-3"/>
      </object_component>
      <object_component id="oc-f1">
         <name>.debug_line</name>
         <load_address>0x97a</load_address>
         <run_address>0x97a</run_address>
         <size>0x44</size>
         <input_file_ref idref="fl-34"/>
      </object_component>
      <object_component id="oc-f4">
         <name>.debug_line</name>
         <load_address>0x9be</load_address>
         <run_address>0x9be</run_address>
         <size>0x44</size>
         <input_file_ref idref="fl-34"/>
      </object_component>
      <object_component id="oc-f6">
         <name>.debug_line</name>
         <load_address>0xa02</load_address>
         <run_address>0xa02</run_address>
         <size>0x20</size>
         <input_file_ref idref="fl-36"/>
      </object_component>
      <object_component id="oc-f9">
         <name>.debug_line</name>
         <load_address>0xa22</load_address>
         <run_address>0xa22</run_address>
         <size>0x20</size>
         <input_file_ref idref="fl-35"/>
      </object_component>
      <object_component id="oc-fb">
         <name>.debug_line</name>
         <load_address>0xa42</load_address>
         <run_address>0xa42</run_address>
         <size>0x73</size>
         <input_file_ref idref="fl-4a"/>
      </object_component>
      <object_component id="oc-ff">
         <name>.debug_line</name>
         <load_address>0xab5</load_address>
         <run_address>0xab5</run_address>
         <size>0x2c</size>
         <input_file_ref idref="fl-4a"/>
      </object_component>
      <object_component id="oc-103">
         <name>.debug_line</name>
         <load_address>0xae1</load_address>
         <run_address>0xae1</run_address>
         <size>0x2e</size>
         <input_file_ref idref="fl-51"/>
      </object_component>
      <object_component id="oc-107">
         <name>.debug_line</name>
         <load_address>0xb0f</load_address>
         <run_address>0xb0f</run_address>
         <size>0x2e</size>
         <input_file_ref idref="fl-51"/>
      </object_component>
      <object_component id="oc-10e">
         <name>.debug_line</name>
         <load_address>0xb3d</load_address>
         <run_address>0xb3d</run_address>
         <size>0x111</size>
         <input_file_ref idref="fl-2"/>
      </object_component>
      <object_component id="oc-11b">
         <name>.debug_line</name>
         <load_address>0xc4e</load_address>
         <run_address>0xc4e</run_address>
         <size>0x8b</size>
         <input_file_ref idref="fl-4"/>
      </object_component>
      <object_component id="oc-123">
         <name>.debug_line</name>
         <load_address>0xcd9</load_address>
         <run_address>0xcd9</run_address>
         <size>0x77</size>
         <input_file_ref idref="fl-2"/>
      </object_component>
      <object_component id="oc-129">
         <name>.debug_line</name>
         <load_address>0xd50</load_address>
         <run_address>0xd50</run_address>
         <size>0x78</size>
         <input_file_ref idref="fl-2"/>
      </object_component>
      <object_component id="oc-136">
         <name>.debug_line</name>
         <load_address>0xdc8</load_address>
         <run_address>0xdc8</run_address>
         <size>0x4c</size>
         <input_file_ref idref="fl-4a"/>
      </object_component>
      <object_component id="oc-144">
         <name>.debug_line</name>
         <load_address>0xe14</load_address>
         <run_address>0xe14</run_address>
         <size>0x42</size>
         <input_file_ref idref="fl-4d"/>
      </object_component>
      <object_component id="oc-14d">
         <name>.debug_line</name>
         <load_address>0xe56</load_address>
         <run_address>0xe56</run_address>
         <size>0x84</size>
         <input_file_ref idref="fl-2"/>
      </object_component>
      <object_component id="oc-156">
         <name>.debug_line</name>
         <load_address>0xeda</load_address>
         <run_address>0xeda</run_address>
         <size>0x9d</size>
         <input_file_ref idref="fl-4"/>
      </object_component>
      <object_component id="oc-15a">
         <name>.debug_line</name>
         <load_address>0xf77</load_address>
         <run_address>0xf77</run_address>
         <size>0x113</size>
         <input_file_ref idref="fl-3"/>
      </object_component>
      <object_component id="oc-15c">
         <name>.debug_line</name>
         <load_address>0x108a</load_address>
         <run_address>0x108a</run_address>
         <size>0x20</size>
         <input_file_ref idref="fl-49"/>
      </object_component>
      <object_component id="oc-160">
         <name>.debug_line</name>
         <load_address>0x10aa</load_address>
         <run_address>0x10aa</run_address>
         <size>0x44</size>
         <input_file_ref idref="fl-4a"/>
      </object_component>
      <object_component id="oc-166">
         <name>.debug_line</name>
         <load_address>0x10ee</load_address>
         <run_address>0x10ee</run_address>
         <size>0x78</size>
         <input_file_ref idref="fl-2"/>
      </object_component>
      <object_component id="oc-172">
         <name>.debug_line</name>
         <load_address>0x1166</load_address>
         <run_address>0x1166</run_address>
         <size>0x84</size>
         <input_file_ref idref="fl-2"/>
      </object_component>
      <object_component id="oc-17e">
         <name>.debug_line</name>
         <load_address>0x11ea</load_address>
         <run_address>0x11ea</run_address>
         <size>0x42</size>
         <input_file_ref idref="fl-48"/>
      </object_component>
      <object_component id="oc-184">
         <name>.debug_line</name>
         <load_address>0x122c</load_address>
         <run_address>0x122c</run_address>
         <size>0xd0</size>
         <input_file_ref idref="fl-4"/>
      </object_component>
      <object_component id="oc-186">
         <name>.debug_line</name>
         <load_address>0x12fc</load_address>
         <run_address>0x12fc</run_address>
         <size>0x5d</size>
         <input_file_ref idref="fl-4"/>
      </object_component>
      <object_component id="oc-18b">
         <name>.debug_line</name>
         <load_address>0x1359</load_address>
         <run_address>0x1359</run_address>
         <size>0x7c</size>
         <input_file_ref idref="fl-2"/>
      </object_component>
      <object_component id="oc-192">
         <name>.debug_line</name>
         <load_address>0x13d5</load_address>
         <run_address>0x13d5</run_address>
         <size>0x89</size>
         <input_file_ref idref="fl-2"/>
      </object_component>
      <object_component id="oc-19c">
         <name>.debug_line</name>
         <load_address>0x145e</load_address>
         <run_address>0x145e</run_address>
         <size>0x38</size>
         <input_file_ref idref="fl-4f"/>
      </object_component>
      <object_component id="oc-19f">
         <name>.debug_line</name>
         <load_address>0x1496</load_address>
         <run_address>0x1496</run_address>
         <size>0x2b</size>
         <input_file_ref idref="fl-4f"/>
      </object_component>
      <object_component id="oc-1a2">
         <name>.debug_line</name>
         <load_address>0x14c1</load_address>
         <run_address>0x14c1</run_address>
         <size>0x2c</size>
         <input_file_ref idref="fl-4a"/>
      </object_component>
      <object_component id="oc-1aa">
         <name>.debug_line</name>
         <load_address>0x14ed</load_address>
         <run_address>0x14ed</run_address>
         <size>0x20</size>
         <input_file_ref idref="fl-4b"/>
      </object_component>
      <object_component id="oc-1ac">
         <name>.debug_line</name>
         <load_address>0x150d</load_address>
         <run_address>0x150d</run_address>
         <size>0x55</size>
         <input_file_ref idref="fl-5"/>
      </object_component>
      <object_component id="oc-1af">
         <name>.debug_line</name>
         <load_address>0x1562</load_address>
         <run_address>0x1562</run_address>
         <size>0x93</size>
         <input_file_ref idref="fl-2"/>
      </object_component>
      <object_component id="oc-1c2">
         <name>.debug_line</name>
         <load_address>0x15f5</load_address>
         <run_address>0x15f5</run_address>
         <size>0x8b</size>
         <input_file_ref idref="fl-4"/>
      </object_component>
      <object_component id="oc-1c8">
         <name>.debug_line</name>
         <load_address>0x1680</load_address>
         <run_address>0x1680</run_address>
         <size>0x8e</size>
         <input_file_ref idref="fl-4"/>
      </object_component>
      <object_component id="oc-1cd">
         <name>.debug_line</name>
         <load_address>0x170e</load_address>
         <run_address>0x170e</run_address>
         <size>0x5e</size>
         <input_file_ref idref="fl-2"/>
      </object_component>
      <object_component id="oc-1cf">
         <name>.debug_line</name>
         <load_address>0x176c</load_address>
         <run_address>0x176c</run_address>
         <size>0x5e</size>
         <input_file_ref idref="fl-2"/>
      </object_component>
      <object_component id="oc-1d3">
         <name>.debug_line</name>
         <load_address>0x17ca</load_address>
         <run_address>0x17ca</run_address>
         <size>0x5e</size>
         <input_file_ref idref="fl-2"/>
      </object_component>
      <object_component id="oc-1d5">
         <name>.debug_line</name>
         <load_address>0x1828</load_address>
         <run_address>0x1828</run_address>
         <size>0x5e</size>
         <input_file_ref idref="fl-2"/>
      </object_component>
      <object_component id="oc-1d8">
         <name>.debug_line</name>
         <load_address>0x1886</load_address>
         <run_address>0x1886</run_address>
         <size>0x5e</size>
         <input_file_ref idref="fl-2"/>
      </object_component>
      <object_component id="oc-1dd">
         <name>.debug_line</name>
         <load_address>0x18e4</load_address>
         <run_address>0x18e4</run_address>
         <size>0x20</size>
         <input_file_ref idref="fl-4f"/>
      </object_component>
      <object_component id="oc-3d">
         <name>.debug_info</name>
         <load_address>0x0</load_address>
         <run_address>0x0</run_address>
         <size>0x125</size>
         <input_file_ref idref="fl-33"/>
      </object_component>
      <object_component id="oc-41">
         <name>.debug_info</name>
         <load_address>0x125</load_address>
         <run_address>0x125</run_address>
         <size>0x194</size>
         <input_file_ref idref="fl-34"/>
      </object_component>
      <object_component id="oc-47">
         <name>.debug_info</name>
         <load_address>0x2b9</load_address>
         <run_address>0x2b9</run_address>
         <size>0x16a</size>
         <input_file_ref idref="fl-36"/>
      </object_component>
      <object_component id="oc-4d">
         <name>.debug_info</name>
         <load_address>0x423</load_address>
         <run_address>0x423</run_address>
         <size>0x18e</size>
         <input_file_ref idref="fl-35"/>
      </object_component>
      <object_component id="oc-53">
         <name>.debug_info</name>
         <load_address>0x5b1</load_address>
         <run_address>0x5b1</run_address>
         <size>0xaa</size>
         <input_file_ref idref="fl-33"/>
      </object_component>
      <object_component id="oc-57">
         <name>.debug_info</name>
         <load_address>0x65b</load_address>
         <run_address>0x65b</run_address>
         <size>0xb6</size>
         <input_file_ref idref="fl-4a"/>
      </object_component>
      <object_component id="oc-5a">
         <name>.debug_info</name>
         <load_address>0x711</load_address>
         <run_address>0x711</run_address>
         <size>0xc2</size>
         <input_file_ref idref="fl-47"/>
      </object_component>
      <object_component id="oc-5f">
         <name>.debug_info</name>
         <load_address>0x7d3</load_address>
         <run_address>0x7d3</run_address>
         <size>0xfd</size>
         <input_file_ref idref="fl-4e"/>
      </object_component>
      <object_component id="oc-65">
         <name>.debug_info</name>
         <load_address>0x8d0</load_address>
         <run_address>0x8d0</run_address>
         <size>0x153</size>
         <input_file_ref idref="fl-51"/>
      </object_component>
      <object_component id="oc-6b">
         <name>.debug_info</name>
         <load_address>0xa23</load_address>
         <run_address>0xa23</run_address>
         <size>0x1de</size>
         <input_file_ref idref="fl-3"/>
      </object_component>
      <object_component id="oc-71">
         <name>.debug_info</name>
         <load_address>0xc01</load_address>
         <run_address>0xc01</run_address>
         <size>0xcc</size>
         <input_file_ref idref="fl-3a"/>
      </object_component>
      <object_component id="oc-78">
         <name>.debug_info</name>
         <load_address>0xccd</load_address>
         <run_address>0xccd</run_address>
         <size>0x157</size>
         <input_file_ref idref="fl-49"/>
      </object_component>
      <object_component id="oc-7e">
         <name>.debug_info</name>
         <load_address>0xe24</load_address>
         <run_address>0xe24</run_address>
         <size>0x46</size>
         <input_file_ref idref="fl-34"/>
      </object_component>
      <object_component id="oc-83">
         <name>.debug_info</name>
         <load_address>0xe6a</load_address>
         <run_address>0xe6a</run_address>
         <size>0x167</size>
         <input_file_ref idref="fl-34"/>
      </object_component>
      <object_component id="oc-85">
         <name>.debug_info</name>
         <load_address>0xfd1</load_address>
         <run_address>0xfd1</run_address>
         <size>0x46</size>
         <input_file_ref idref="fl-36"/>
      </object_component>
      <object_component id="oc-8a">
         <name>.debug_info</name>
         <load_address>0x1017</load_address>
         <run_address>0x1017</run_address>
         <size>0x11f</size>
         <input_file_ref idref="fl-36"/>
      </object_component>
      <object_component id="oc-8c">
         <name>.debug_info</name>
         <load_address>0x1136</load_address>
         <run_address>0x1136</run_address>
         <size>0x1ef</size>
         <input_file_ref idref="fl-35"/>
      </object_component>
      <object_component id="oc-92">
         <name>.debug_info</name>
         <load_address>0x1325</load_address>
         <run_address>0x1325</run_address>
         <size>0x129</size>
         <input_file_ref idref="fl-35"/>
      </object_component>
      <object_component id="oc-93">
         <name>.debug_info</name>
         <load_address>0x144e</load_address>
         <run_address>0x144e</run_address>
         <size>0x39</size>
         <input_file_ref idref="fl-35"/>
      </object_component>
      <object_component id="oc-9a">
         <name>.debug_info</name>
         <load_address>0x1487</load_address>
         <run_address>0x1487</run_address>
         <size>0x84</size>
         <input_file_ref idref="fl-2"/>
      </object_component>
      <object_component id="oc-a1">
         <name>.debug_info</name>
         <load_address>0x150b</load_address>
         <run_address>0x150b</run_address>
         <size>0x245</size>
         <input_file_ref idref="fl-4a"/>
      </object_component>
      <object_component id="oc-a6">
         <name>.debug_info</name>
         <load_address>0x1750</load_address>
         <run_address>0x1750</run_address>
         <size>0xe1</size>
         <input_file_ref idref="fl-39"/>
      </object_component>
      <object_component id="oc-ab">
         <name>.debug_info</name>
         <load_address>0x1831</load_address>
         <run_address>0x1831</run_address>
         <size>0x2ba</size>
         <input_file_ref idref="fl-51"/>
      </object_component>
      <object_component id="oc-ad">
         <name>.debug_info</name>
         <load_address>0x1aeb</load_address>
         <run_address>0x1aeb</run_address>
         <size>0x11a</size>
         <input_file_ref idref="fl-3"/>
      </object_component>
      <object_component id="oc-b3">
         <name>.debug_info</name>
         <load_address>0x1c05</load_address>
         <run_address>0x1c05</run_address>
         <size>0x208</size>
         <input_file_ref idref="fl-4"/>
      </object_component>
      <object_component id="oc-b9">
         <name>.debug_info</name>
         <load_address>0x1e0d</load_address>
         <run_address>0x1e0d</run_address>
         <size>0x18e</size>
         <input_file_ref idref="fl-5"/>
      </object_component>
      <object_component id="oc-bf">
         <name>.debug_info</name>
         <load_address>0x1f9b</load_address>
         <run_address>0x1f9b</run_address>
         <size>0x212</size>
         <input_file_ref idref="fl-2"/>
      </object_component>
      <object_component id="oc-c5">
         <name>.debug_info</name>
         <load_address>0x21ad</load_address>
         <run_address>0x21ad</run_address>
         <size>0x176</size>
         <input_file_ref idref="fl-4a"/>
      </object_component>
      <object_component id="oc-cb">
         <name>.debug_info</name>
         <load_address>0x2323</load_address>
         <run_address>0x2323</run_address>
         <size>0x183</size>
         <input_file_ref idref="fl-4b"/>
      </object_component>
      <object_component id="oc-d2">
         <name>.debug_info</name>
         <load_address>0x24a6</load_address>
         <run_address>0x24a6</run_address>
         <size>0x204</size>
         <input_file_ref idref="fl-5"/>
      </object_component>
      <object_component id="oc-d8">
         <name>.debug_info</name>
         <load_address>0x26aa</load_address>
         <run_address>0x26aa</run_address>
         <size>0x1c1</size>
         <input_file_ref idref="fl-2"/>
      </object_component>
      <object_component id="oc-de">
         <name>.debug_info</name>
         <load_address>0x286b</load_address>
         <run_address>0x286b</run_address>
         <size>0x2a6</size>
         <input_file_ref idref="fl-4"/>
      </object_component>
      <object_component id="oc-e4">
         <name>.debug_info</name>
         <load_address>0x2b11</load_address>
         <run_address>0x2b11</run_address>
         <size>0x355</size>
         <input_file_ref idref="fl-3"/>
      </object_component>
      <object_component id="oc-e8">
         <name>.debug_info</name>
         <load_address>0x2e66</load_address>
         <run_address>0x2e66</run_address>
         <size>0x127</size>
         <input_file_ref idref="fl-49"/>
      </object_component>
      <object_component id="oc-e9">
         <name>.debug_info</name>
         <load_address>0x2f8d</load_address>
         <run_address>0x2f8d</run_address>
         <size>0x2c</size>
         <input_file_ref idref="fl-3"/>
      </object_component>
      <object_component id="oc-ee">
         <name>.debug_info</name>
         <load_address>0x2fb9</load_address>
         <run_address>0x2fb9</run_address>
         <size>0x2c</size>
         <input_file_ref idref="fl-34"/>
      </object_component>
      <object_component id="oc-fc">
         <name>.debug_info</name>
         <load_address>0x2fe5</load_address>
         <run_address>0x2fe5</run_address>
         <size>0x6f</size>
         <input_file_ref idref="fl-4a"/>
      </object_component>
      <object_component id="oc-104">
         <name>.debug_info</name>
         <load_address>0x3054</load_address>
         <run_address>0x3054</run_address>
         <size>0x39</size>
         <input_file_ref idref="fl-51"/>
      </object_component>
      <object_component id="oc-10b">
         <name>.debug_info</name>
         <load_address>0x308d</load_address>
         <run_address>0x308d</run_address>
         <size>0x360</size>
         <input_file_ref idref="fl-2"/>
      </object_component>
      <object_component id="oc-111">
         <name>.debug_info</name>
         <load_address>0x33ed</load_address>
         <run_address>0x33ed</run_address>
         <size>0x36c</size>
         <input_file_ref idref="fl-4"/>
      </object_component>
      <object_component id="oc-115">
         <name>.debug_info</name>
         <load_address>0x3759</load_address>
         <run_address>0x3759</run_address>
         <size>0x157</size>
         <input_file_ref idref="fl-4"/>
      </object_component>
      <object_component id="oc-118">
         <name>.debug_info</name>
         <load_address>0x38b0</load_address>
         <run_address>0x38b0</run_address>
         <size>0x3d3</size>
         <input_file_ref idref="fl-4"/>
      </object_component>
      <object_component id="oc-120">
         <name>.debug_info</name>
         <load_address>0x3c83</load_address>
         <run_address>0x3c83</run_address>
         <size>0x1ea</size>
         <input_file_ref idref="fl-2"/>
      </object_component>
      <object_component id="oc-126">
         <name>.debug_info</name>
         <load_address>0x3e6d</load_address>
         <run_address>0x3e6d</run_address>
         <size>0x1c6</size>
         <input_file_ref idref="fl-2"/>
      </object_component>
      <object_component id="oc-12d">
         <name>.debug_info</name>
         <load_address>0x4033</load_address>
         <run_address>0x4033</run_address>
         <size>0xc8</size>
         <input_file_ref idref="fl-4f"/>
      </object_component>
      <object_component id="oc-130">
         <name>.debug_info</name>
         <load_address>0x40fb</load_address>
         <run_address>0x40fb</run_address>
         <size>0xb3</size>
         <input_file_ref idref="fl-4a"/>
      </object_component>
      <object_component id="oc-133">
         <name>.debug_info</name>
         <load_address>0x41ae</load_address>
         <run_address>0x41ae</run_address>
         <size>0xe5</size>
         <input_file_ref idref="fl-4a"/>
      </object_component>
      <object_component id="oc-13d">
         <name>.debug_info</name>
         <load_address>0x4293</load_address>
         <run_address>0x4293</run_address>
         <size>0x117</size>
         <input_file_ref idref="fl-4b"/>
      </object_component>
      <object_component id="oc-13f">
         <name>.debug_info</name>
         <load_address>0x43aa</load_address>
         <run_address>0x43aa</run_address>
         <size>0x2bf</size>
         <input_file_ref idref="fl-5"/>
      </object_component>
      <object_component id="oc-141">
         <name>.debug_info</name>
         <load_address>0x4669</load_address>
         <run_address>0x4669</run_address>
         <size>0xd4</size>
         <input_file_ref idref="fl-4d"/>
      </object_component>
      <object_component id="oc-146">
         <name>.debug_info</name>
         <load_address>0x473d</load_address>
         <run_address>0x473d</run_address>
         <size>0x260</size>
         <input_file_ref idref="fl-2"/>
      </object_component>
      <object_component id="oc-14a">
         <name>.debug_info</name>
         <load_address>0x499d</load_address>
         <run_address>0x499d</run_address>
         <size>0x227</size>
         <input_file_ref idref="fl-2"/>
      </object_component>
      <object_component id="oc-153">
         <name>.debug_info</name>
         <load_address>0x4bc4</load_address>
         <run_address>0x4bc4</run_address>
         <size>0x25d</size>
         <input_file_ref idref="fl-4"/>
      </object_component>
      <object_component id="oc-15d">
         <name>.debug_info</name>
         <load_address>0x4e21</load_address>
         <run_address>0x4e21</run_address>
         <size>0x2c</size>
         <input_file_ref idref="fl-4a"/>
      </object_component>
      <object_component id="oc-163">
         <name>.debug_info</name>
         <load_address>0x4e4d</load_address>
         <run_address>0x4e4d</run_address>
         <size>0x1eb</size>
         <input_file_ref idref="fl-2"/>
      </object_component>
      <object_component id="oc-169">
         <name>.debug_info</name>
         <load_address>0x5038</load_address>
         <run_address>0x5038</run_address>
         <size>0x107</size>
         <input_file_ref idref="fl-2"/>
      </object_component>
      <object_component id="oc-16c">
         <name>.debug_info</name>
         <load_address>0x513f</load_address>
         <run_address>0x513f</run_address>
         <size>0x10b</size>
         <input_file_ref idref="fl-2"/>
      </object_component>
      <object_component id="oc-16f">
         <name>.debug_info</name>
         <load_address>0x524a</load_address>
         <run_address>0x524a</run_address>
         <size>0x229</size>
         <input_file_ref idref="fl-2"/>
      </object_component>
      <object_component id="oc-175">
         <name>.debug_info</name>
         <load_address>0x5473</load_address>
         <run_address>0x5473</run_address>
         <size>0x10b</size>
         <input_file_ref idref="fl-2"/>
      </object_component>
      <object_component id="oc-178">
         <name>.debug_info</name>
         <load_address>0x557e</load_address>
         <run_address>0x557e</run_address>
         <size>0x10f</size>
         <input_file_ref idref="fl-2"/>
      </object_component>
      <object_component id="oc-17b">
         <name>.debug_info</name>
         <load_address>0x568d</load_address>
         <run_address>0x568d</run_address>
         <size>0xd3</size>
         <input_file_ref idref="fl-48"/>
      </object_component>
      <object_component id="oc-180">
         <name>.debug_info</name>
         <load_address>0x5760</load_address>
         <run_address>0x5760</run_address>
         <size>0x10b</size>
         <input_file_ref idref="fl-2"/>
      </object_component>
      <object_component id="oc-188">
         <name>.debug_info</name>
         <load_address>0x586b</load_address>
         <run_address>0x586b</run_address>
         <size>0x1eb</size>
         <input_file_ref idref="fl-2"/>
      </object_component>
      <object_component id="oc-18f">
         <name>.debug_info</name>
         <load_address>0x5a56</load_address>
         <run_address>0x5a56</run_address>
         <size>0x1ff</size>
         <input_file_ref idref="fl-2"/>
      </object_component>
      <object_component id="oc-199">
         <name>.debug_info</name>
         <load_address>0x5c55</load_address>
         <run_address>0x5c55</run_address>
         <size>0xd8</size>
         <input_file_ref idref="fl-4f"/>
      </object_component>
      <object_component id="oc-1a0">
         <name>.debug_info</name>
         <load_address>0x5d2d</load_address>
         <run_address>0x5d2d</run_address>
         <size>0x10d</size>
         <input_file_ref idref="fl-4f"/>
      </object_component>
      <object_component id="oc-1bf">
         <name>.debug_info</name>
         <load_address>0x5e3a</load_address>
         <run_address>0x5e3a</run_address>
         <size>0x22d</size>
         <input_file_ref idref="fl-4"/>
      </object_component>
      <object_component id="oc-1c5">
         <name>.debug_info</name>
         <load_address>0x6067</load_address>
         <run_address>0x6067</run_address>
         <size>0x1f1</size>
         <input_file_ref idref="fl-4"/>
      </object_component>
      <object_component id="oc-22c">
         <name>.debug_info</name>
         <load_address>0x6258</load_address>
         <run_address>0x6258</run_address>
         <size>0xaa</size>
      </object_component>
      <object_component id="oc-3e">
         <name>.debug_aranges</name>
         <load_address>0x0</load_address>
         <run_address>0x0</run_address>
         <size>0x20</size>
         <input_file_ref idref="fl-33"/>
      </object_component>
      <object_component id="oc-42">
         <name>.debug_aranges</name>
         <load_address>0x20</load_address>
         <run_address>0x20</run_address>
         <size>0x20</size>
         <input_file_ref idref="fl-34"/>
      </object_component>
      <object_component id="oc-48">
         <name>.debug_aranges</name>
         <load_address>0x40</load_address>
         <run_address>0x40</run_address>
         <size>0x20</size>
         <input_file_ref idref="fl-36"/>
      </object_component>
      <object_component id="oc-4e">
         <name>.debug_aranges</name>
         <load_address>0x60</load_address>
         <run_address>0x60</run_address>
         <size>0x20</size>
         <input_file_ref idref="fl-35"/>
      </object_component>
      <object_component id="oc-5b">
         <name>.debug_aranges</name>
         <load_address>0x80</load_address>
         <run_address>0x80</run_address>
         <size>0x20</size>
         <input_file_ref idref="fl-47"/>
      </object_component>
      <object_component id="oc-60">
         <name>.debug_aranges</name>
         <load_address>0xa0</load_address>
         <run_address>0xa0</run_address>
         <size>0x20</size>
         <input_file_ref idref="fl-4e"/>
      </object_component>
      <object_component id="oc-66">
         <name>.debug_aranges</name>
         <load_address>0xc0</load_address>
         <run_address>0xc0</run_address>
         <size>0x20</size>
         <input_file_ref idref="fl-51"/>
      </object_component>
      <object_component id="oc-6c">
         <name>.debug_aranges</name>
         <load_address>0xe0</load_address>
         <run_address>0xe0</run_address>
         <size>0x20</size>
         <input_file_ref idref="fl-3"/>
      </object_component>
      <object_component id="oc-72">
         <name>.debug_aranges</name>
         <load_address>0x100</load_address>
         <run_address>0x100</run_address>
         <size>0x20</size>
         <input_file_ref idref="fl-3a"/>
      </object_component>
      <object_component id="oc-79">
         <name>.debug_aranges</name>
         <load_address>0x120</load_address>
         <run_address>0x120</run_address>
         <size>0x20</size>
         <input_file_ref idref="fl-49"/>
      </object_component>
      <object_component id="oc-8d">
         <name>.debug_aranges</name>
         <load_address>0x140</load_address>
         <run_address>0x140</run_address>
         <size>0x20</size>
         <input_file_ref idref="fl-35"/>
      </object_component>
      <object_component id="oc-a7">
         <name>.debug_aranges</name>
         <load_address>0x160</load_address>
         <run_address>0x160</run_address>
         <size>0x20</size>
         <input_file_ref idref="fl-39"/>
      </object_component>
      <object_component id="oc-ae">
         <name>.debug_aranges</name>
         <load_address>0x180</load_address>
         <run_address>0x180</run_address>
         <size>0x20</size>
         <input_file_ref idref="fl-3"/>
      </object_component>
      <object_component id="oc-b4">
         <name>.debug_aranges</name>
         <load_address>0x1a0</load_address>
         <run_address>0x1a0</run_address>
         <size>0x20</size>
         <input_file_ref idref="fl-4"/>
      </object_component>
      <object_component id="oc-ba">
         <name>.debug_aranges</name>
         <load_address>0x1c0</load_address>
         <run_address>0x1c0</run_address>
         <size>0x20</size>
         <input_file_ref idref="fl-5"/>
      </object_component>
      <object_component id="oc-c0">
         <name>.debug_aranges</name>
         <load_address>0x1e0</load_address>
         <run_address>0x1e0</run_address>
         <size>0x20</size>
         <input_file_ref idref="fl-2"/>
      </object_component>
      <object_component id="oc-c6">
         <name>.debug_aranges</name>
         <load_address>0x200</load_address>
         <run_address>0x200</run_address>
         <size>0x20</size>
         <input_file_ref idref="fl-4a"/>
      </object_component>
      <object_component id="oc-cc">
         <name>.debug_aranges</name>
         <load_address>0x220</load_address>
         <run_address>0x220</run_address>
         <size>0x20</size>
         <input_file_ref idref="fl-4b"/>
      </object_component>
      <object_component id="oc-d3">
         <name>.debug_aranges</name>
         <load_address>0x240</load_address>
         <run_address>0x240</run_address>
         <size>0x20</size>
         <input_file_ref idref="fl-5"/>
      </object_component>
      <object_component id="oc-d9">
         <name>.debug_aranges</name>
         <load_address>0x260</load_address>
         <run_address>0x260</run_address>
         <size>0x20</size>
         <input_file_ref idref="fl-2"/>
      </object_component>
      <object_component id="oc-df">
         <name>.debug_aranges</name>
         <load_address>0x280</load_address>
         <run_address>0x280</run_address>
         <size>0x20</size>
         <input_file_ref idref="fl-4"/>
      </object_component>
      <object_component id="oc-10c">
         <name>.debug_aranges</name>
         <load_address>0x2a0</load_address>
         <run_address>0x2a0</run_address>
         <size>0x20</size>
         <input_file_ref idref="fl-2"/>
      </object_component>
      <object_component id="oc-119">
         <name>.debug_aranges</name>
         <load_address>0x2c0</load_address>
         <run_address>0x2c0</run_address>
         <size>0x20</size>
         <input_file_ref idref="fl-4"/>
      </object_component>
      <object_component id="oc-121">
         <name>.debug_aranges</name>
         <load_address>0x2e0</load_address>
         <run_address>0x2e0</run_address>
         <size>0x20</size>
         <input_file_ref idref="fl-2"/>
      </object_component>
      <object_component id="oc-127">
         <name>.debug_aranges</name>
         <load_address>0x300</load_address>
         <run_address>0x300</run_address>
         <size>0x20</size>
         <input_file_ref idref="fl-2"/>
      </object_component>
      <object_component id="oc-134">
         <name>.debug_aranges</name>
         <load_address>0x320</load_address>
         <run_address>0x320</run_address>
         <size>0x20</size>
         <input_file_ref idref="fl-4a"/>
      </object_component>
      <object_component id="oc-142">
         <name>.debug_aranges</name>
         <load_address>0x340</load_address>
         <run_address>0x340</run_address>
         <size>0x20</size>
         <input_file_ref idref="fl-4d"/>
      </object_component>
      <object_component id="oc-14b">
         <name>.debug_aranges</name>
         <load_address>0x360</load_address>
         <run_address>0x360</run_address>
         <size>0x20</size>
         <input_file_ref idref="fl-2"/>
      </object_component>
      <object_component id="oc-154">
         <name>.debug_aranges</name>
         <load_address>0x380</load_address>
         <run_address>0x380</run_address>
         <size>0x20</size>
         <input_file_ref idref="fl-4"/>
      </object_component>
      <object_component id="oc-164">
         <name>.debug_aranges</name>
         <load_address>0x3a0</load_address>
         <run_address>0x3a0</run_address>
         <size>0x20</size>
         <input_file_ref idref="fl-2"/>
      </object_component>
      <object_component id="oc-170">
         <name>.debug_aranges</name>
         <load_address>0x3c0</load_address>
         <run_address>0x3c0</run_address>
         <size>0x20</size>
         <input_file_ref idref="fl-2"/>
      </object_component>
      <object_component id="oc-17c">
         <name>.debug_aranges</name>
         <load_address>0x3e0</load_address>
         <run_address>0x3e0</run_address>
         <size>0x20</size>
         <input_file_ref idref="fl-48"/>
      </object_component>
      <object_component id="oc-189">
         <name>.debug_aranges</name>
         <load_address>0x400</load_address>
         <run_address>0x400</run_address>
         <size>0x20</size>
         <input_file_ref idref="fl-2"/>
      </object_component>
      <object_component id="oc-190">
         <name>.debug_aranges</name>
         <load_address>0x420</load_address>
         <run_address>0x420</run_address>
         <size>0x20</size>
         <input_file_ref idref="fl-2"/>
      </object_component>
      <object_component id="oc-19a">
         <name>.debug_aranges</name>
         <load_address>0x440</load_address>
         <run_address>0x440</run_address>
         <size>0x20</size>
         <input_file_ref idref="fl-4f"/>
      </object_component>
      <object_component id="oc-1c0">
         <name>.debug_aranges</name>
         <load_address>0x460</load_address>
         <run_address>0x460</run_address>
         <size>0x20</size>
         <input_file_ref idref="fl-4"/>
      </object_component>
      <object_component id="oc-1c6">
         <name>.debug_aranges</name>
         <load_address>0x480</load_address>
         <run_address>0x480</run_address>
         <size>0x20</size>
         <input_file_ref idref="fl-4"/>
      </object_component>
      <object_component id="oc-3f">
         <name>.debug_pubnames</name>
         <load_address>0x0</load_address>
         <run_address>0x0</run_address>
         <size>0x26</size>
         <input_file_ref idref="fl-33"/>
      </object_component>
      <object_component id="oc-43">
         <name>.debug_pubnames</name>
         <load_address>0x26</load_address>
         <run_address>0x26</run_address>
         <size>0x2b</size>
         <input_file_ref idref="fl-34"/>
      </object_component>
      <object_component id="oc-49">
         <name>.debug_pubnames</name>
         <load_address>0x51</load_address>
         <run_address>0x51</run_address>
         <size>0x25</size>
         <input_file_ref idref="fl-36"/>
      </object_component>
      <object_component id="oc-4f">
         <name>.debug_pubnames</name>
         <load_address>0x76</load_address>
         <run_address>0x76</run_address>
         <size>0x2c</size>
         <input_file_ref idref="fl-35"/>
      </object_component>
      <object_component id="oc-54">
         <name>.debug_pubnames</name>
         <load_address>0xa2</load_address>
         <run_address>0xa2</run_address>
         <size>0x1d</size>
         <input_file_ref idref="fl-33"/>
      </object_component>
      <object_component id="oc-58">
         <name>.debug_pubnames</name>
         <load_address>0xbf</load_address>
         <run_address>0xbf</run_address>
         <size>0x22</size>
         <input_file_ref idref="fl-4a"/>
      </object_component>
      <object_component id="oc-5c">
         <name>.debug_pubnames</name>
         <load_address>0xe1</load_address>
         <run_address>0xe1</run_address>
         <size>0x2b</size>
         <input_file_ref idref="fl-47"/>
[...]
         <value>0x25</value>
      </symbol>
      <symbol id="sm-1c">
         <name>P1SEL</name>
         <value>0x26</value>
      </symbol>
      <symbol id="sm-1d">
         <name>P1SEL2</name>
         <value>0x41</value>
      </symbol>
      <symbol id="sm-1e">
         <name>P1REN</name>
         <value>0x27</value>
      </symbol>
      <symbol id="sm-1f">
         <name>P2IN</name>
         <value>0x28</value>
      </symbol>
      <symbol id="sm-20">
         <name>P2OUT</name>
         <value>0x29</value>
      </symbol>
      <symbol id="sm-21">
         <name>P2DIR</name>
         <value>0x2a</value>
      </symbol>
      <symbol id="sm-22">
         <name>P2IFG</name>
         <value>0x2b</value>
      </symbol>
      <symbol id="sm-23">
         <name>P2IES</name>
         <value>0x2c</value>
      </symbol>
      <symbol id="sm-24">
         <name>P2IE</name>
         <value>0x2d</value>
      </symbol>
      <symbol id="sm-25">
         <name>P2SEL</name>
         <value>0x2e</value>
      </symbol>
      <symbol id="sm-26">
         <name>P2SEL2</name>
         <value>0x42</value>
      </symbol>
      <symbol id="sm-27">
         <name>P2REN</name>
         <value>0x2f</value>
      </symbol>
      <symbol id="sm-28">
         <name>P3IN</name>
         <value>0x18</value>
      </symbol>
      <symbol id="sm-29">
         <name>P3OUT</name>
         <value>0x19</value>
      </symbol>
      <symbol id="sm-2a">
         <name>P3DIR</name>
         <value>0x1a</value>
      </symbol>
      <symbol id="sm-2b">
         <name>P3SEL</name>
         <value>0x1b</value>
      </symbol>
      <symbol id="sm-2c">
         <name>P3SEL2</name>
         <value>0x43</value>
      </symbol>
      <symbol id="sm-2d">
         <name>P3REN</name>
         <value>0x10</value>
      </symbol>
      <symbol id="sm-2e">
         <name>TA0IV</name>
         <value>0x12e</value>
      </symbol>
      <symbol id="sm-2f">
         <name>TA0CTL</name>
         <value>0x160</value>
      </symbol>
      <symbol id="sm-30">
         <name>TA0CCTL0</name>
         <value>0x162</value>
      </symbol>
      <symbol id="sm-31">
         <name>TA0CCTL1</name>
         <value>0x164</value>
      </symbol>
      <symbol id="sm-32">
         <name>TA0CCTL2</name>
         <value>0x166</value>
      </symbol>
      <symbol id="sm-33">
         <name>TA0R</name>
         <value>0x170</value>
      </symbol>
      <symbol id="sm-34">
         <name>TA0CCR0</name>
         <value>0x172</value>
      </symbol>
      <symbol id="sm-35">
         <name>TA0CCR1</name>
         <value>0x174</value>
      </symbol>
      <symbol id="sm-36">
         <name>TA0CCR2</name>
         <value>0x176</value>
      </symbol>
      <symbol id="sm-37">
         <name>TA1IV</name>
         <value>0x11e</value>
      </symbol>
      <symbol id="sm-38">
         <name>TA1CTL</name>
         <value>0x180</value>
      </symbol>
      <symbol id="sm-39">
         <name>TA1CCTL0</name>
         <value>0x182</value>
      </symbol>
      <symbol id="sm-3a">
         <name>TA1CCTL1</name>
         <value>0x184</value>
      </symbol>
      <symbol id="sm-3b">
         <name>TA1CCTL2</name>
         <value>0x186</value>
      </symbol>
      <symbol id="sm-3c">
         <name>TA1R</name>
         <value>0x190</value>
      </symbol>
      <symbol id="sm-3d">
         <name>TA1CCR0</name>
         <value>0x192</value>
      </symbol>
      <symbol id="sm-3e">
         <name>TA1CCR1</name>
         <value>0x194</value>
      </symbol>
      <symbol id="sm-3f">
         <name>TA1CCR2</name>
         <value>0x196</value>
      </symbol>
      <symbol id="sm-40">
         <name>UCA0CTL0</name>
         <value>0x60</value>
      </symbol>
      <symbol id="sm-41">
         <name>UCA0CTL1</name>
         <value>0x61</value>
      </symbol>
      <symbol id="sm-42">
         <name>UCA0BR0</name>
         <value>0x62</value>
      </symbol>
      <symbol id="sm-43">
         <name>UCA0BR1</name>
         <value>0x63</value>
      </symbol>
      <symbol id="sm-44">
         <name>UCA0MCTL</name>
         <value>0x64</value>
      </symbol>
      <symbol id="sm-45">
         <name>UCA0STAT</name>
         <value>0x65</value>
      </symbol>
      <symbol id="sm-46">
         <name>UCA0RXBUF</name>
         <value>0x66</value>
      </symbol>
      <symbol id="sm-47">
         <name>UCA0TXBUF</name>
         <value>0x67</value>
      </symbol>
      <symbol id="sm-48">
         <name>UCA0ABCTL</name>
         <value>0x5d</value>
      </symbol>
      <symbol id="sm-49">
         <name>UCA0IRTCTL</name>
         <value>0x5e</value>
      </symbol>
      <symbol id="sm-4a">
         <name>UCA0IRRCTL</name>
         <value>0x5f</value>
      </symbol>
      <symbol id="sm-4b">
         <name>UCB0CTL0</name>
         <value>0x68</value>
      </symbol>
      <symbol id="sm-4c">
         <name>UCB0CTL1</name>
         <value>0x69</value>
      </symbol>
      <symbol id="sm-4d">
         <name>UCB0BR0</name>
         <value>0x6a</value>
      </symbol>
      <symbol id="sm-4e">
         <name>UCB0BR1</name>
         <value>0x6b</value>
      </symbol>
      <symbol id="sm-4f">
         <name>UCB0I2CIE</name>
         <value>0x6c</value>
      </symbol>
      <symbol id="sm-50">
         <name>UCB0STAT</name>
         <value>0x6d</value>
      </symbol>
      <symbol id="sm-51">
         <name>UCB0RXBUF</name>
         <value>0x6e</value>
      </symbol>
      <symbol id="sm-52">
         <name>UCB0TXBUF</name>
         <value>0x6f</value>
      </symbol>
      <symbol id="sm-53">
         <name>UCB0I2COA</name>
         <value>0x118</value>
      </symbol>
      <symbol id="sm-54">
         <name>UCB0I2CSA</name>
         <value>0x11a</value>
      </symbol>
      <symbol id="sm-55">
         <name>WDTCTL</name>
         <value>0x120</value>
      </symbol>
      <symbol id="sm-56">
         <name>CALDCO_16MHZ</name>
         <value>0x10f8</value>
      </symbol>
      <symbol id="sm-57">
         <name>CALBC1_16MHZ</name>
         <value>0x10f9</value>
      </symbol>
      <symbol id="sm-58">
         <name>CALDCO_12MHZ</name>
         <value>0x10fa</value>
      </symbol>
      <symbol id="sm-59">
         <name>CALBC1_12MHZ</name>
         <value>0x10fb</value>
      </symbol>
      <symbol id="sm-5a">
         <name>CALDCO_8MHZ</name>
         <value>0x10fc</value>
      </symbol>
      <symbol id="sm-5b">
         <name>CALBC1_8MHZ</name>
         <value>0x10fd</value>
      </symbol>
      <symbol id="sm-5c">
         <name>CALDCO_1MHZ</name>
         <value>0x10fe</value>
      </symbol>
      <symbol id="sm-5d">
         <name>CALBC1_1MHZ</name>
         <value>0x10ff</value>
      </symbol>
      <symbol id="sm-5e">
         <name>TLV_CHECKSUM</name>
         <value>0x10c0</value>
      </symbol>
      <symbol id="sm-5f">
         <name>TLV_DCO_30_TAG</name>
         <value>0x10f6</value>
      </symbol>
      <symbol id="sm-60">
         <name>TLV_DCO_30_LEN</name>
         <value>0x10f7</value>
      </symbol>
      <symbol id="sm-61">
         <name>TLV_ADC10_1_TAG</name>
         <value>0x10da</value>
      </symbol>
      <symbol id="sm-62">
         <name>TLV_ADC10_1_LEN</name>
         <value>0x10db</value>
      </symbol>
      <symbol id="sm-63">
         <name>__TI_CINIT_Base</name>
         <value>0xca9e</value>
      </symbol>
      <symbol id="sm-64">
         <name>__TI_CINIT_Limit</name>
         <value>0xcaa6</value>
      </symbol>
      <symbol id="sm-65">
         <name>__TI_Handler_Table_Base</name>
         <value>0xca94</value>
      </symbol>
      <symbol id="sm-66">
         <name>__TI_Handler_Table_Limit</name>
         <value>0xca9a</value>
      </symbol>
      <symbol id="sm-67">
         <name>binit</name>
         <value>0xffffffff</value>
      </symbol>
      <symbol id="sm-68">
         <name>__binit__</name>
         <value>0xffffffff</value>
      </symbol>
      <symbol id="sm-69">
         <name>__STACK_SIZE</name>
         <value>0x50</value>
      </symbol>
      <symbol id="sm-6a">
         <name>__STACK_END</name>
         <value>0x400</value>
      </symbol>
      <symbol id="sm-6b">
         <name>__SYSMEM_SIZE</name>
         <value>0x50</value>
      </symbol>
      <symbol id="sm-6c">
         <name>__c_args__</name>
         <value>0xffffffff</value>
      </symbol>
      <symbol id="sm-125">
         <name>op_status</name>
         <value>0x2a6</value>
      </symbol>
      <symbol id="sm-126">
         <name>SwitchToTxMode</name>
         <value>0xc8b2</value>
         <object_component_ref idref="oc-187"/>
      </symbol>
      <symbol id="sm-127">
         <name>SwitchToRxMode</name>
         <value>0xc75c</value>
         <object_component_ref idref="oc-be"/>
      </symbol>
      <symbol id="sm-128">
         <name>SwitchCFG</name>
         <value>0xc85e</value>
         <object_component_ref idref="oc-162"/>
      </symbol>
      <symbol id="sm-129">
         <name>DelayMs</name>
         <value>0xc88a</value>
         <object_component_ref idref="oc-d7"/>
      </symbol>
      <symbol id="sm-12a">
         <name>RFM73_Initialize</name>
         <value>0xc000</value>
         <object_component_ref idref="oc-10a"/>
      </symbol>
      <symbol id="sm-12b">
         <name>RX1_Address</name>
         <value>0xca80</value>
         <object_component_ref idref="oc-174"/>
      </symbol>
      <symbol id="sm-12c">
         <name>SPI_Read_Reg</name>
         <value>0xc90c</value>
         <object_component_ref idref="oc-125"/>
      </symbol>
      <symbol id="sm-12d">
         <name>SPI_Read_Buf</name>
         <value>0xc802</value>
         <object_component_ref idref="oc-149"/>
      </symbol>
      <symbol id="sm-12e">
         <name>Bank1_Reg0_13</name>
         <value>0xc9e2</value>
         <object_component_ref idref="oc-177"/>
      </symbol>
      <symbol id="sm-12f">
         <name>SPI_Write_Reg</name>
         <value>0xc8d8</value>
         <object_component_ref idref="oc-11f"/>
      </symbol>
      <symbol id="sm-130">
         <name>RX0_Address</name>
         <value>0xca7a</value>
         <object_component_ref idref="oc-16b"/>
      </symbol>
      <symbol id="sm-131">
         <name>SPI_Write_Buf</name>
         <value>0xc832</value>
         <object_component_ref idref="oc-16e"/>
      </symbol>
      <symbol id="sm-132">
         <name>Bank0_Reg</name>
         <value>0xca1a</value>
         <object_component_ref idref="oc-168"/>
      </symbol>
      <symbol id="sm-133">
         <name>Bank1_Reg14</name>
         <value>0xca6e</value>
         <object_component_ref idref="oc-17f"/>
      </symbol>
      <symbol id="sm-134">
         <name>SPI_RW</name>
         <value>0xc718</value>
         <object_component_ref idref="oc-18e"/>
      </symbol>
      <symbol id="sm-155">
         <name>rxBuffer</name>
         <value>0x260</value>
      </symbol>
      <symbol id="sm-156">
         <name>txBuffer</name>
         <value>0x280</value>
      </symbol>
      <symbol id="sm-157">
         <name>routingTable</name>
         <value>0x200</value>
      </symbol>
      <symbol id="sm-158">
         <name>dataReceived</name>
         <value>0xc9be</value>
         <object_component_ref idref="oc-ac"/>
      </symbol>
      <symbol id="sm-159">
         <name>main</name>
         <value>0xc512</value>
         <object_component_ref idref="oc-6a"/>
      </symbol>
      <symbol id="sm-1a4">
         <name>receivePacket</name>
         <value>0xc404</value>
         <object_component_ref idref="oc-dd"/>
      </symbol>
      <symbol id="sm-1a5">
         <name>receivedPacketCounter</name>
         <value>0x2f8</value>
         <object_component_ref idref="oc-114"/>
      </symbol>
      <symbol id="sm-1a6">
         <name>processReceivedData</name>
         <value>0xc48c</value>
         <object_component_ref idref="oc-152"/>
      </symbol>
      <symbol id="sm-1a7">
         <name>initMesh</name>
         <value>0xc58e</value>
         <object_component_ref idref="oc-b2"/>
      </symbol>
      <symbol id="sm-1a8">
         <name>sendRoutingTable</name>
         <value>0xc2e4</value>
         <object_component_ref idref="oc-1c4"/>
      </symbol>
      <symbol id="sm-1a9">
         <name>sendPacket</name>
         <value>0xc378</value>
         <object_component_ref idref="oc-117"/>
      </symbol>
      <symbol id="sm-1aa">
         <name>updateTableFromRxBuffer</name>
         <value>0xc6bc</value>
         <object_component_ref idref="oc-1be"/>
      </symbol>
      <symbol id="sm-1ab">
         <name>callBackDataReceived</name>
         <value>0x2fa</value>
         <object_component_ref idref="oc-114"/>
      </symbol>
      <symbol id="sm-1c0">
         <name>UARTInit</name>
         <value>0xc7cc</value>
         <object_component_ref idref="oc-b8"/>
      </symbol>
      <symbol id="sm-1c1">
         <name>UARTSendArray</name>
         <value>0xc924</value>
         <object_component_ref idref="oc-d1"/>
      </symbol>
      <symbol id="sm-1d1">
         <name>_c_int00_noexit</name>
         <value>0xc8f2</value>
         <object_component_ref idref="oc-3a"/>
      </symbol>
      <symbol id="sm-1d2">
         <name>_c_int00</name>
         <value>0xc8f2</value>
         <object_component_ref idref="oc-3a"/>
      </symbol>
      <symbol id="sm-1d3">
         <name>_stack</name>
         <value>0x3b0</value>
         <object_component_ref idref="oc-52"/>
      </symbol>
      <symbol id="sm-1d4">
         <name>_reset_vector</name>
         <value>0xfffe</value>
         <object_component_ref idref="oc-55"/>
      </symbol>
      <symbol id="sm-1ea">
         <name>__TI_decompress_none</name>
         <value>0xc978</value>
         <object_component_ref idref="oc-40"/>
      </symbol>
      <symbol id="sm-20c">
         <name>__TI_decompress_rle24</name>
         <value>0xc9d2</value>
         <object_component_ref idref="oc-4c"/>
      </symbol>
      <symbol id="sm-21f">
         <name>__TI_zero_init</name>
         <value>0xc93c</value>
         <object_component_ref idref="oc-46"/>
      </symbol>
      <symbol id="sm-22a">
         <name>__mspabi_func_epilog_2</name>
         <value>0xc9b8</value>
         <object_component_ref idref="oc-a5"/>
      </symbol>
      <symbol id="sm-22b">
         <name>__mspabi_func_epilog_3</name>
         <value>0xc9b6</value>
         <object_component_ref idref="oc-a5"/>
      </symbol>
      <symbol id="sm-22c">
         <name>__mspabi_func_epilog_1</name>
         <value>0xc9ba</value>
         <object_component_ref idref="oc-a5"/>
      </symbol>
      <symbol id="sm-22d">
         <name>__mspabi_func_epilog_6</name>
         <value>0xc9b0</value>
         <object_component_ref idref="oc-a5"/>
      </symbol>
      <symbol id="sm-22e">
         <name>__mspabi_func_epilog_7</name>
         <value>0xc9ae</value>
         <object_component_ref idref="oc-a5"/>
      </symbol>
      <symbol id="sm-22f">
         <name>__mspabi_func_epilog_4</name>
         <value>0xc9b4</value>
         <object_component_ref idref="oc-a5"/>
      </symbol>
      <symbol id="sm-230">
         <name>__mspabi_func_epilog_5</name>
         <value>0xc9b2</value>
         <object_component_ref idref="oc-a5"/>
      </symbol>
      <symbol id="sm-23a">
         <name>C$$EXIT</name>
         <value>0xc9dc</value>
         <object_component_ref idref="oc-70"/>
      </symbol>
      <symbol id="sm-23b">
         <name>abort</name>
         <value>0xc9dc</value>
         <object_component_ref idref="oc-70"/>
      </symbol>
      <symbol id="sm-23e">
         <name>__TI_int02</name>
         <value>0xffe4</value>
         <object_component_ref idref="oc-2e"/>
      </symbol>
      <symbol id="sm-241">
         <name>__TI_int03</name>
         <value>0xffe6</value>
         <object_component_ref idref="oc-2f"/>
      </symbol>
      <symbol id="sm-244">
         <name>__TI_int05</name>
         <value>0xffea</value>
         <object_component_ref idref="oc-30"/>
      </symbol>
      <symbol id="sm-247">
         <name>__TI_int06</name>
         <value>0xffec</value>
         <object_component_ref idref="oc-31"/>
      </symbol>
      <symbol id="sm-24a">
         <name>__TI_int07</name>
         <value>0xffee</value>
         <object_component_ref idref="oc-32"/>
      </symbol>
      <symbol id="sm-24d">
         <name>__TI_int08</name>
         <value>0xfff0</value>
         <object_component_ref idref="oc-33"/>
      </symbol>
      <symbol id="sm-250">
         <name>__TI_int09</name>
         <value>0xfff2</value>
         <object_component_ref idref="oc-34"/>
      </symbol>
      <symbol id="sm-253">
         <name>__TI_int10</name>
         <value>0xfff4</value>
         <object_component_ref idref="oc-35"/>
      </symbol>
      <symbol id="sm-256">
         <name>__TI_int11</name>
         <value>0xfff6</value>
         <object_component_ref idref="oc-36"/>
      </symbol>
      <symbol id="sm-259">
         <name>__TI_int12</name>
         <value>0xfff8</value>
         <object_component_ref idref="oc-37"/>
      </symbol>
      <symbol id="sm-25c">
         <name>__TI_int13</name>
         <value>0xfffa</value>
         <object_component_ref idref="oc-38"/>
      </symbol>
      <symbol id="sm-25f">
         <name>__TI_int14</name>
         <value>0xfffc</value>
         <object_component_ref idref="oc-39"/>
      </symbol>
      <symbol id="sm-267">
         <name>__TI_ISR_TRAP</name>
         <value>0xc9cc</value>
         <object_component_ref idref="oc-59"/>
      </symbol>
      <symbol id="sm-271">
         <name>__mspabi_srll</name>
         <value>0xc98a</value>
         <object_component_ref idref="oc-17a"/>
      </symbol>
      <symbol id="sm-27f">
         <name>memcpy</name>
         <value>0xc99c</value>
         <object_component_ref idref="oc-77"/>
      </symbol>
      <symbol id="sm-2bc">
         <name>_sys_memory</name>
         <value>0x2a8</value>
         <object_component_ref idref="oc-56"/>
      </symbol>
      <symbol id="sm-2bd">
         <name>malloc</name>
         <value>0xc236</value>
         <object_component_ref idref="oc-c4"/>
      </symbol>
      <symbol id="sm-2be">
         <name>minit</name>
         <value>0xc794</value>
         <object_component_ref idref="oc-132"/>
      </symbol>
      <symbol id="sm-2cc">
         <name>memset</name>
         <value>0xc950</value>
         <object_component_ref idref="oc-ca"/>
      </symbol>
      <symbol id="sm-2d7">
         <name>__mspabi_mpyi</name>
         <value>0xc964</value>
         <object_component_ref idref="oc-140"/>
      </symbol>
      <symbol id="sm-2e0">
         <name>_system_pre_init</name>
         <value>0xc9d8</value>
         <object_component_ref idref="oc-5e"/>
      </symbol>
      <symbol id="sm-2f1">
         <name>_nop</name>
         <value>0xc9e0</value>
         <object_component_ref idref="oc-198"/>
      </symbol>
      <symbol id="sm-2f2">
         <name>_lock</name>
         <value>0x2fc</value>
         <object_component_ref idref="oc-12c"/>
      </symbol>
      <symbol id="sm-2f3">
         <name>_unlock</name>
         <value>0x2fe</value>
         <object_component_ref idref="oc-12c"/>
      </symbol>
      <symbol id="sm-30a">
         <name>_auto_init</name>
         <value>0xc65e</value>
         <object_component_ref idref="oc-64"/>
      </symbol>
      <symbol id="sm-30b">
         <name>__TI_exit</name>
         <value>0x1</value>
      </symbol>
      <symbol id="sm-30c">
         <name>__TI_args_main</name>
         <value>0x1</value>
      </symbol>
      <symbol id="sm-30d">
         <name>__TI_INITARRAY_Base</name>
         <value>0x0</value>
      </symbol>
      <symbol id="sm-30e">
         <name>__TI_INITARRAY_Limit</name>
         <value>0x0</value>
      </symbol>
   </symbol_table>
   <title>Link successful</title>
</link_info>
