******************************************************************************
                  MSP430 Linker PC v4.3.3                      
******************************************************************************
>> Linked Tue Aug 11 20:07:38 2015

OUTPUT FILE NAME:   <SensorNodeA.out>
ENTRY POINT SYMBOL: "_c_int00"  address: 0000cb68


MEMORY CONFIGURATION

         name            origin    length      used     unused   attr    fill
----------------------  --------  ---------  --------  --------  ----  --------
  SFR                   00000000   00000010  00000000  00000010  RWIX
  PERIPHERALS_8BIT      00000010   000000f0  00000000  000000f0  RWIX
  PERIPHERALS_16BIT     00000100   00000100  00000000  00000100  RWIX
  RAM                   00000200   00000200  00000140  000000c0  RWIX
  INFOD                 00001000   00000040  00000000  00000040  RWIX
  INFOC                 00001040   00000040  00000000  00000040  RWIX
  INFOB                 00001080   00000040  00000000  00000040  RWIX
  INFOA                 000010c0   00000040  00000000  00000040  RWIX
  FLASH                 0000c000   00003fe0  00000cc1  0000331f  RWIX
  INT00                 0000ffe0   00000002  00000000  00000002  RWIX
  INT01                 0000ffe2   00000002  00000000  00000002  RWIX
  INT02                 0000ffe4   00000002  00000002  00000000  RWIX
  INT03                 0000ffe6   00000002  00000002  00000000  RWIX
  INT04                 0000ffe8   00000002  00000000  00000002  RWIX
  INT05                 0000ffea   00000002  00000002  00000000  RWIX
  INT06                 0000ffec   00000002  00000002  00000000  RWIX
  INT07                 0000ffee   00000002  00000002  00000000  RWIX
  INT08                 0000fff0   00000002  00000002  00000000  RWIX
  INT09                 0000fff2   00000002  00000002  00000000  RWIX
  INT10                 0000fff4   00000002  00000002  00000000  RWIX
  INT11                 0000fff6   00000002  00000002  00000000  RWIX
  INT12                 0000fff8   00000002  00000002  00000000  RWIX
  INT13                 0000fffa   00000002  00000002  00000000  RWIX
  INT14                 0000fffc   00000002  00000002  00000000  RWIX
  RESET                 0000fffe   00000002  00000002  00000000  RWIX


SECTION ALLOCATION MAP

 output                                  attributes/
section   page    origin      length       input sections
--------  ----  ----------  ----------   ----------------
.init_array 
*          0    0000c000    00000000     UNINITIALIZED

.bss       0    00000200    000000df     UNINITIALIZED
                  00000200    000000a0     (.common:routingTable)
                  000002a0    00000020     (.common:rxBuffer)
                  000002c0    0000001e     (.common:uartTxBuffer)
                  000002de    00000001     (.common:op_status)

.TI.noinit 
*          0    00000200    00000000     UNINITIALIZED

.data      0    000002e0    00000011     UNINITIALIZED
                  000002e0    00000006     mesh.obj (.data)
                  000002e6    00000004     rts430_eabi.lib : _lock.obj (.data)
                  000002ea    00000004                     : rand.obj (.data)
                  000002ee    00000002     main.obj (.data)
                  000002f0    00000001     misc.obj (.data)

.TI.persistent 
*          0    000002e0    00000000     UNINITIALIZED

.stack     0    000003b0    00000050     UNINITIALIZED
                  000003b0    00000002     rts430_eabi.lib : boot.obj (.stack)
                  000003b2    0000004e     --HOLE--

.text      0    0000c000    00000c1c     
                  0000c000    00000234     RFM73.obj (.text:RFM73_Initialize)
                  0000c234    00000102     mesh.obj (.text:processReceivedData)
                  0000c336    000000ac     mesh.obj (.text:sendPacketForward)
                  0000c3e2    000000a0     mesh.obj (.text:sendDeviceInfoReponse)
                  0000c482    00000098     mesh.obj (.text:sendRoutingTable)
                  0000c51a    00000096     mesh.obj (.text:sendReliable)
                  0000c5b0    0000007c     mesh.obj (.text:receivePacketInterrupt)
                  0000c62c    00000078     mesh.obj (.text:initMesh)
                  0000c6a4    00000068     mesh.obj (.text:updateTableFromRxBuffer)
                  0000c70c    00000066     misc.obj (.text:USCI0RX_ISR)
                  0000c772    00000064     main.obj (.text:main)
                  0000c7d6    0000005e     rts430_eabi.lib : copy_decompress_rle.obj (.text:__TI_decompress_rle_core)
                  0000c834    0000005e                     : autoinit.obj (.text:_auto_init)
                  0000c892    00000054     mesh.obj (.text:refreshRoutingTable)
                  0000c8e6    0000003c     RFM73.obj (.text:SPI_RW)
                  0000c922    00000038     RFM73.obj (.text:SwitchToRxMode)
                  0000c95a    00000038     rts430_eabi.lib : rand.obj (.text:rand)
                  0000c992    00000036     main.obj (.text:ProcessReceivedData)
                  0000c9c8    00000036     mesh.obj (.text:sendPacket)
                  0000c9fe    00000034     RFM73.obj (.text:SPI_Read_Buf)
                  0000ca32    00000030     RFM73.obj (.text:SPI_Write_Buf)
                  0000ca62    0000002c     RFM73.obj (.text:SwitchCFG)
                  0000ca8e    0000002c     rts430_eabi.lib : div16s.obj (.text)
                  0000caba    00000028     RFM73.obj (.text:DelayMs)
                  0000cae2    00000026     RFM73.obj (.text:SwitchToTxMode)
                  0000cb08    00000026     rts430_eabi.lib : mult32.obj (.text)
                  0000cb2e    0000001e     RFM73.obj (.text:SPI_Write_Reg)
                  0000cb4c    0000001c     RFM73.obj (.text:SPI_Read_Reg)
                  0000cb68    0000001a     rts430_eabi.lib : boot.obj (.text:_c_int00_noexit)
                  0000cb82    00000016                     : div16u.obj (.text)
                  0000cb98    00000014                     : copy_zero_init.obj (.text:decompress:ZI:__TI_zero_init)
                  0000cbac    00000014                     : mult16.obj (.text)
                  0000cbc0    00000012                     : copy_decompress_none.obj (.text:decompress:none:__TI_decompress_none)
                  0000cbd2    00000012                     : lsr32.obj (.text:l_lsr)
                  0000cbe4    00000012                     : memcpy.obj (.text:memcpy)
                  0000cbf6    00000010                     : epilog.obj (.text)
                  0000cc06    00000006                     : isr_trap.obj (.text:__TI_ISR_TRAP)
                  0000cc0c    00000006                     : copy_decompress_rle.obj (.text:decompress:rle24:__TI_decompress_rle24)
                  0000cc12    00000004                     : pre_init.obj (.text:_system_pre_init)
                  0000cc16    00000004                     : exit.obj (.text:abort)
                  0000cc1a    00000002                     : _lock.obj (.text:_nop)

.const     0    0000cc1c    0000007d     
                  0000cc1c    00000038     RFM73.obj (.const:Bank1_Reg0_13)
                  0000cc54    0000002e     RFM73.obj (.const:Bank0_Reg)
                  0000cc82    0000000b     RFM73.obj (.const:.string:Bank1_Reg14)
                  0000cc8d    00000001     --HOLE-- [fill = 0]
                  0000cc8e    00000005     RFM73.obj (.const:.string:RX0_Address)
                  0000cc93    00000001     --HOLE-- [fill = 0]
                  0000cc94    00000005     RFM73.obj (.const:.string:RX1_Address)

.cinit     0    0000cc9a    00000028     
                  0000cc9a    00000015     (.cinit..data.load) [load image]
                  0000ccaf    00000001     --HOLE-- [fill = 0]
                  0000ccb0    00000006     (__TI_handler_table)
                  0000ccb6    00000004     (.cinit..bss.load) [load image, compression = zero_init]
                  0000ccba    00000008     (__TI_cinit_table)

PORT1      0    0000ffe4    00000002     
                  0000ffe4    00000002     rts430_eabi.lib : int02.obj (.int02)

PORT2      0    0000ffe6    00000002     
                  0000ffe6    00000002     mesh.obj (.int03)

ADC10      0    0000ffea    00000002     
                  0000ffea    00000002     rts430_eabi.lib : int05.obj (.int05)

USCIAB0TX 
*          0    0000ffec    00000002     
                  0000ffec    00000002     rts430_eabi.lib : int06.obj (.int06)

USCIAB0RX 
*          0    0000ffee    00000002     
                  0000ffee    00000002     misc.obj (.int07)

TIMER0_A1 
*          0    0000fff0    00000002     
                  0000fff0    00000002     rts430_eabi.lib : int08.obj (.int08)

TIMER0_A0 
*          0    0000fff2    00000002     
                  0000fff2    00000002     rts430_eabi.lib : int09.obj (.int09)

WDT        0    0000fff4    00000002     
                  0000fff4    00000002     rts430_eabi.lib : int10.obj (.int10)

COMPARATORA 
*          0    0000fff6    00000002     
                  0000fff6    00000002     rts430_eabi.lib : int11.obj (.int11)

TIMER1_A1 
*          0    0000fff8    00000002     
                  0000fff8    00000002     rts430_eabi.lib : int12.obj (.int12)

TIMER1_A0 
*          0    0000fffa    00000002     
                  0000fffa    00000002     rts430_eabi.lib : int13.obj (.int13)

NMI        0    0000fffc    00000002     
                  0000fffc    00000002     rts430_eabi.lib : int14.obj (.int14)

.reset     0    0000fffe    00000002     
                  0000fffe    00000002     rts430_eabi.lib : boot.obj (.reset)


LINKER GENERATED COPY TABLES

__TI_cinit_table @ 0000ccba records: 2, size/record: 4, table size: 8
	.data: load addr=0000cc9a, load size=00000015 bytes, run addr=000002e0, run size=00000011 bytes, compression=copy
	.bss: load addr=0000ccb6, load size=00000004 bytes, run addr=00000200, run size=000000df bytes, compression=zero_init


LINKER GENERATED HANDLER TABLE

__TI_handler_table @ 0000ccb0 records: 3, size/record: 2, table size: 6
	index: 0, handler: __TI_zero_init
	index: 1, handler: __TI_decompress_rle24
	index: 2, handler: __TI_decompress_none


GLOBAL SYMBOLS: SORTED ALPHABETICALLY BY Name 

address    name
--------   ----
0000004a   ADC10AE0
000001b0   ADC10CTL0
000001b2   ADC10CTL1
00000048   ADC10DTC0
00000049   ADC10DTC1
000001b4   ADC10MEM
000001bc   ADC10SA
00000057   BCSCTL1
00000058   BCSCTL2
00000053   BCSCTL3
0000cc54   Bank0_Reg
0000cc1c   Bank1_Reg0_13
0000cc82   Bank1_Reg14
0000cc16   C$$EXIT
00000059   CACTL1
0000005a   CACTL2
000010fb   CALBC1_12MHZ
000010f9   CALBC1_16MHZ
000010ff   CALBC1_1MHZ
000010fd   CALBC1_8MHZ
000010fa   CALDCO_12MHZ
000010f8   CALDCO_16MHZ
000010fe   CALDCO_1MHZ
000010fc   CALDCO_8MHZ
0000005b   CAPD
00000056   DCOCTL
0000caba   DelayMs
00000128   FCTL1
0000012a   FCTL2
0000012c   FCTL3
00000000   IE1
00000001   IE2
00000002   IFG1
00000003   IFG2
00000022   P1DIR
00000025   P1IE
00000024   P1IES
00000023   P1IFG
00000020   P1IN
00000021   P1OUT
00000027   P1REN
00000026   P1SEL
00000041   P1SEL2
0000002a   P2DIR
0000002d   P2IE
0000002c   P2IES
0000002b   P2IFG
00000028   P2IN
00000029   P2OUT
0000002f   P2REN
0000002e   P2SEL
00000042   P2SEL2
0000001a   P3DIR
00000018   P3IN
00000019   P3OUT
00000010   P3REN
0000001b   P3SEL
00000043   P3SEL2
0000c992   ProcessReceivedData
0000c000   RFM73_Initialize
0000cc8e   RX0_Address
0000cc94   RX1_Address
0000c8e6   SPI_RW
0000c9fe   SPI_Read_Buf
0000cb4c   SPI_Read_Reg
0000ca32   SPI_Write_Buf
0000cb2e   SPI_Write_Reg
0000ca62   SwitchCFG
0000c922   SwitchToRxMode
0000cae2   SwitchToTxMode
00000172   TA0CCR0
00000174   TA0CCR1
00000176   TA0CCR2
00000162   TA0CCTL0
00000164   TA0CCTL1
00000166   TA0CCTL2
00000160   TA0CTL
0000012e   TA0IV
00000170   TA0R
00000192   TA1CCR0
00000194   TA1CCR1
00000196   TA1CCR2
00000182   TA1CCTL0
00000184   TA1CCTL1
00000186   TA1CCTL2
00000180   TA1CTL
0000011e   TA1IV
00000190   TA1R
000010db   TLV_ADC10_1_LEN
000010da   TLV_ADC10_1_TAG
000010c0   TLV_CHECKSUM
000010f7   TLV_DCO_30_LEN
000010f6   TLV_DCO_30_TAG
0000005d   UCA0ABCTL
00000062   UCA0BR0
00000063   UCA0BR1
00000060   UCA0CTL0
00000061   UCA0CTL1
0000005f   UCA0IRRCTL
0000005e   UCA0IRTCTL
00000064   UCA0MCTL
00000066   UCA0RXBUF
00000065   UCA0STAT
00000067   UCA0TXBUF
0000006a   UCB0BR0
0000006b   UCB0BR1
00000068   UCB0CTL0
00000069   UCB0CTL1
0000006c   UCB0I2CIE
00000118   UCB0I2COA
0000011a   UCB0I2CSA
0000006e   UCB0RXBUF
0000006d   UCB0STAT
0000006f   UCB0TXBUF
0000c70c   USCI0RX_ISR
00000120   WDTCTL
00000400   __STACK_END
00000050   __STACK_SIZE
0000ccba   __TI_CINIT_Base
0000ccc2   __TI_CINIT_Limit
0000ccb0   __TI_Handler_Table_Base
0000ccb6   __TI_Handler_Table_Limit
UNDEFED    __TI_INITARRAY_Base
UNDEFED    __TI_INITARRAY_Limit
0000cc06   __TI_ISR_TRAP
00000001   __TI_args_main
0000cbc0   __TI_decompress_none
0000cc0c   __TI_decompress_rle24
00000001   __TI_exit
0000ffe4   __TI_int02
0000ffe6   __TI_int03
0000ffea   __TI_int05
0000ffec   __TI_int06
0000ffee   __TI_int07
0000fff0   __TI_int08
0000fff2   __TI_int09
0000fff4   __TI_int10
0000fff6   __TI_int11
0000fff8   __TI_int12
0000fffa   __TI_int13
0000fffc   __TI_int14
0000cb98   __TI_zero_init
ffffffff   __binit__
ffffffff   __c_args__
0000ca8e   __mspabi_divi
0000cb82   __mspabi_divu
0000cc02   __mspabi_func_epilog_1
0000cc00   __mspabi_func_epilog_2
0000cbfe   __mspabi_func_epilog_3
0000cbfc   __mspabi_func_epilog_4
0000cbfa   __mspabi_func_epilog_5
0000cbf8   __mspabi_func_epilog_6
0000cbf6   __mspabi_func_epilog_7
0000cbac   __mspabi_mpyi
0000cb08   __mspabi_mpyl
0000ca8e   __mspabi_remi
0000cb82   __mspabi_remu
0000cbd2   __mspabi_srll
0000c834   _auto_init
0000cb68   _c_int00
0000cb68   _c_int00_noexit
000002e6   _lock
0000cc1a   _nop
0000fffe   _reset_vector
000003b0   _stack
0000cc12   _system_pre_init
000002e8   _unlock
0000cc16   abort
ffffffff   binit
000002e4   callBackDataReceived
0000c62c   initMesh
000002e2   lastAck
0000c772   main
0000cbe4   memcpy
000002de   op_status
0000c234   processReceivedData
0000c95a   rand
0000c5b0   receivePacketInterrupt
000002e0   receivedPacketCounter
0000c892   refreshRoutingTable
00000200   routingTable
000002a0   rxBuffer
0000c3e2   sendDeviceInfoReponse
0000c9c8   sendPacket
0000c336   sendPacketForward
0000c51a   sendReliable
0000c482   sendRoutingTable
000002ee   send_current_state
000002e1   sentPacketCounter
000002ef   typeRequest
000002c0   uartTxBuffer
000002f0   uartTxBufferPos
0000c6a4   updateTableFromRxBuffer


GLOBAL SYMBOLS: SORTED BY Symbol Address 

address    name
--------   ----
00000000   IE1
00000001   IE2
00000001   __TI_args_main
00000001   __TI_exit
00000002   IFG1
00000003   IFG2
00000010   P3REN
00000018   P3IN
00000019   P3OUT
0000001a   P3DIR
0000001b   P3SEL
00000020   P1IN
00000021   P1OUT
00000022   P1DIR
00000023   P1IFG
00000024   P1IES
00000025   P1IE
00000026   P1SEL
00000027   P1REN
00000028   P2IN
00000029   P2OUT
0000002a   P2DIR
0000002b   P2IFG
0000002c   P2IES
0000002d   P2IE
0000002e   P2SEL
0000002f   P2REN
00000041   P1SEL2
00000042   P2SEL2
00000043   P3SEL2
00000048   ADC10DTC0
00000049   ADC10DTC1
0000004a   ADC10AE0
00000050   __STACK_SIZE
00000053   BCSCTL3
00000056   DCOCTL
00000057   BCSCTL1
00000058   BCSCTL2
00000059   CACTL1
0000005a   CACTL2
0000005b   CAPD
0000005d   UCA0ABCTL
0000005e   UCA0IRTCTL
0000005f   UCA0IRRCTL
00000060   UCA0CTL0
00000061   UCA0CTL1
00000062   UCA0BR0
00000063   UCA0BR1
00000064   UCA0MCTL
00000065   UCA0STAT
00000066   UCA0RXBUF
00000067   UCA0TXBUF
00000068   UCB0CTL0
00000069   UCB0CTL1
0000006a   UCB0BR0
0000006b   UCB0BR1
0000006c   UCB0I2CIE
0000006d   UCB0STAT
0000006e   UCB0RXBUF
0000006f   UCB0TXBUF
00000118   UCB0I2COA
0000011a   UCB0I2CSA
0000011e   TA1IV
00000120   WDTCTL
00000128   FCTL1
0000012a   FCTL2
0000012c   FCTL3
0000012e   TA0IV
00000160   TA0CTL
00000162   TA0CCTL0
00000164   TA0CCTL1
00000166   TA0CCTL2
00000170   TA0R
00000172   TA0CCR0
00000174   TA0CCR1
00000176   TA0CCR2
00000180   TA1CTL
00000182   TA1CCTL0
00000184   TA1CCTL1
00000186   TA1CCTL2
00000190   TA1R
00000192   TA1CCR0
00000194   TA1CCR1
00000196   TA1CCR2
000001b0   ADC10CTL0
000001b2   ADC10CTL1
000001b4   ADC10MEM
000001bc   ADC10SA
00000200   routingTable
000002a0   rxBuffer
000002c0   uartTxBuffer
000002de   op_status
000002e0   receivedPacketCounter
000002e1   sentPacketCounter
000002e2   lastAck
000002e4   callBackDataReceived
000002e6   _lock
000002e8   _unlock
000002ee   send_current_state
000002ef   typeRequest
000002f0   uartTxBufferPos
000003b0   _stack
00000400   __STACK_END
000010c0   TLV_CHECKSUM
000010da   TLV_ADC10_1_TAG
000010db   TLV_ADC10_1_LEN
000010f6   TLV_DCO_30_TAG
000010f7   TLV_DCO_30_LEN
000010f8   CALDCO_16MHZ
000010f9   CALBC1_16MHZ
000010fa   CALDCO_12MHZ
000010fb   CALBC1_12MHZ
000010fc   CALDCO_8MHZ
000010fd   CALBC1_8MHZ
000010fe   CALDCO_1MHZ
000010ff   CALBC1_1MHZ
0000c000   RFM73_Initialize
0000c234   processReceivedData
0000c336   sendPacketForward
0000c3e2   sendDeviceInfoReponse
0000c482   sendRoutingTable
0000c51a   sendReliable
0000c5b0   receivePacketInterrupt
0000c62c   initMesh
0000c6a4   updateTableFromRxBuffer
0000c70c   USCI0RX_ISR
0000c772   main
0000c834   _auto_init
0000c892   refreshRoutingTable
0000c8e6   SPI_RW
0000c922   SwitchToRxMode
0000c95a   rand
0000c992   ProcessReceivedData
0000c9c8   sendPacket
0000c9fe   SPI_Read_Buf
0000ca32   SPI_Write_Buf
0000ca62   SwitchCFG
0000ca8e   __mspabi_divi
0000ca8e   __mspabi_remi
0000caba   DelayMs
0000cae2   SwitchToTxMode
0000cb08   __mspabi_mpyl
0000cb2e   SPI_Write_Reg
0000cb4c   SPI_Read_Reg
0000cb68   _c_int00
0000cb68   _c_int00_noexit
0000cb82   __mspabi_divu
0000cb82   __mspabi_remu
0000cb98   __TI_zero_init
0000cbac   __mspabi_mpyi
0000cbc0   __TI_decompress_none
0000cbd2   __mspabi_srll
0000cbe4   memcpy
0000cbf6   __mspabi_func_epilog_7
0000cbf8   __mspabi_func_epilog_6
0000cbfa   __mspabi_func_epilog_5
0000cbfc   __mspabi_func_epilog_4
0000cbfe   __mspabi_func_epilog_3
0000cc00   __mspabi_func_epilog_2
0000cc02   __mspabi_func_epilog_1
0000cc06   __TI_ISR_TRAP
0000cc0c   __TI_decompress_rle24
0000cc12   _system_pre_init
0000cc16   C$$EXIT
0000cc16   abort
0000cc1a   _nop
0000cc1c   Bank1_Reg0_13
0000cc54   Bank0_Reg
0000cc82   Bank1_Reg14
0000cc8e   RX0_Address
0000cc94   RX1_Address
0000ccb0   __TI_Handler_Table_Base
0000ccb6   __TI_Handler_Table_Limit
0000ccba   __TI_CINIT_Base
0000ccc2   __TI_CINIT_Limit
0000ffe4   __TI_int02
0000ffe6   __TI_int03
0000ffea   __TI_int05
0000ffec   __TI_int06
0000ffee   __TI_int07
0000fff0   __TI_int08
0000fff2   __TI_int09
0000fff4   __TI_int10
0000fff6   __TI_int11
0000fff8   __TI_int12
0000fffa   __TI_int13
0000fffc   __TI_int14
0000fffe   _reset_vector
ffffffff   __binit__
ffffffff   __c_args__
ffffffff   binit
UNDEFED    __TI_INITARRAY_Base
UNDEFED    __TI_INITARRAY_Limit

[193 symbols]
