******************************************************************************
                  MSP430 Linker PC v4.3.3                      
******************************************************************************
>> Linked Fri Oct 30 13:27:16 2015

OUTPUT FILE NAME:   <MasterNode.out>
ENTRY POINT SYMBOL: "_c_int00"  address: 0000ce96


MEMORY CONFIGURATION

         name            origin    length      used     unused   attr    fill
----------------------  --------  ---------  --------  --------  ----  --------
  SFR                   00000000   00000010  00000000  00000010  RWIX
  PERIPHERALS_8BIT      00000010   000000f0  00000000  000000f0  RWIX
  PERIPHERALS_16BIT     00000100   00000100  00000000  00000100  RWIX
  RAM                   00000200   00000200  00000144  000000bc  RWIX
  INFOD                 00001000   00000040  00000000  00000040  RWIX
  INFOC                 00001040   00000040  00000000  00000040  RWIX
  INFOB                 00001080   00000040  00000000  00000040  RWIX
  INFOA                 000010c0   00000040  00000000  00000040  RWIX
  FLASH                 0000c000   00003fe0  00001039  00002fa7  RWIX
  INT00                 0000ffe0   00000002  00000000  00000002  RWIX
  INT01                 0000ffe2   00000002  00000000  00000002  RWIX
  INT02                 0000ffe4   00000002  00000002  00000000  RWIX
  INT03                 0000ffe6   00000002  00000002  00000000  RWIX
  INT04                 0000ffe8   00000002  00000000  00000002  RWIX
  INT05                 0000ffea   00000002  00000002  00000000  RWIX
  INT06                 0000ffec   00000002  00000002  00000000  RWIX
  INT07                 0000ffee   00000002  00000002  00000000  RWIX
  INT08                 0000fff0   00000002  00000002  00000000  RWIX
  INT09                 0000fff2   00000002  00000002  00000000  RWIX
  INT10                 0000fff4   00000002  00000002  00000000  RWIX
  INT11                 0000fff6   00000002  00000002  00000000  RWIX
  INT12                 0000fff8   00000002  00000002  00000000  RWIX
  INT13                 0000fffa   00000002  00000002  00000000  RWIX
  INT14                 0000fffc   00000002  00000002  00000000  RWIX
  RESET                 0000fffe   00000002  00000002  00000000  RWIX


SECTION ALLOCATION MAP

 output                                  attributes/
section   page    origin      length       input sections
--------  ----  ----------  ----------   ----------------
.init_array 
*          0    0000c000    00000000     UNINITIALIZED

.bss       0    00000200    000000e5     UNINITIALIZED
                  00000200    000000a0     (.common:routingTable)
                  000002a0    00000020     (.common:rxBuffer)
                  000002c0    0000001e     (.common:uartTxBuffer)
                  000002de    00000006     (.common:intStr)
                  000002e4    00000001     (.common:op_status)

.TI.noinit 
*          0    00000200    00000000     UNINITIALIZED

.data      0    000002e6    0000000f     UNINITIALIZED
                  000002e6    00000006     mesh.obj (.data)
                  000002ec    00000004     rts430_eabi.lib : _lock.obj (.data)
                  000002f0    00000004                     : rand.obj (.data)
                  000002f4    00000001     misc.obj (.data)

.TI.persistent 
*          0    000002e6    00000000     UNINITIALIZED

.stack     0    000003b0    00000050     UNINITIALIZED
                  000003b0    00000002     rts430_eabi.lib : boot.obj (.stack)
                  000003b2    0000004e     --HOLE--

.text      0    0000c000    00000f70     
                  0000c000    00000234     RFM73.obj (.text:RFM73_Initialize)
                  0000c234    0000015c     main.obj (.text:WriteToFHEM)
                  0000c390    000000fc     mesh.obj (.text:processReceivedData)
                  0000c48c    000000de     main.obj (.text:main)
                  0000c56a    000000aa     misc.obj (.text:printRoutingTable)
                  0000c614    000000aa     mesh.obj (.text:sendPacketForward)
                  0000c6be    00000096     mesh.obj (.text:sendDeviceInfoRequest)
                  0000c754    00000094     mesh.obj (.text:sendReliable)
                  0000c7e8    00000094     mesh.obj (.text:sendRoutingTable)
                  0000c87c    0000007c     mesh.obj (.text:receivePacketInterrupt)
                  0000c8f8    00000078     misc.obj (.text:ItoA)
                  0000c970    00000076     mesh.obj (.text:initMesh)
                  0000c9e6    00000066     misc.obj (.text:USCI0RX_ISR)
                  0000ca4c    00000066     mesh.obj (.text:updateTableFromRxBuffer)
                  0000cab2    0000005e     rts430_eabi.lib : copy_decompress_rle.obj (.text:__TI_decompress_rle_core)
                  0000cb10    0000005e                     : autoinit.obj (.text:_auto_init)
                  0000cb6e    00000054     mesh.obj (.text:refreshRoutingTable)
                  0000cbc2    00000050     misc.obj (.text:UARTReadLine)
                  0000cc12    0000003c     RFM73.obj (.text:SPI_RW)
                  0000cc4e    00000038     RFM73.obj (.text:SwitchToRxMode)
                  0000cc86    00000038     misc.obj (.text:UARTInit)
                  0000ccbe    00000038     rts430_eabi.lib : rand.obj (.text:rand)
                  0000ccf6    00000036     mesh.obj (.text:sendPacket)
                  0000cd2c    00000034     RFM73.obj (.text:SPI_Read_Buf)
                  0000cd60    00000030     RFM73.obj (.text:SPI_Write_Buf)
                  0000cd90    0000002c     RFM73.obj (.text:SwitchCFG)
                  0000cdbc    0000002c     rts430_eabi.lib : div16s.obj (.text)
                  0000cde8    00000028     RFM73.obj (.text:DelayMs)
                  0000ce10    00000026     RFM73.obj (.text:SwitchToTxMode)
                  0000ce36    00000026     rts430_eabi.lib : mult32.obj (.text)
                  0000ce5c    0000001e     RFM73.obj (.text:SPI_Write_Reg)
                  0000ce7a    0000001c     RFM73.obj (.text:SPI_Read_Reg)
                  0000ce96    0000001a     rts430_eabi.lib : boot.obj (.text:_c_int00_noexit)
                  0000ceb0    00000018     misc.obj (.text:UARTSendArray)
                  0000cec8    00000016     rts430_eabi.lib : div16u.obj (.text)
                  0000cede    00000014                     : copy_zero_init.obj (.text:decompress:ZI:__TI_zero_init)
                  0000cef2    00000014                     : mult16.obj (.text)
                  0000cf06    00000012                     : copy_decompress_none.obj (.text:decompress:none:__TI_decompress_none)
                  0000cf18    00000012                     : lsr32.obj (.text:l_lsr)
                  0000cf2a    00000012                     : memcpy.obj (.text:memcpy)
                  0000cf3c    00000010                     : epilog.obj (.text)
                  0000cf4c    0000000e                     : strlen.obj (.text:strlen)
                  0000cf5a    00000006                     : isr_trap.obj (.text:__TI_ISR_TRAP)
                  0000cf60    00000006                     : copy_decompress_rle.obj (.text:decompress:rle24:__TI_decompress_rle24)
                  0000cf66    00000004                     : pre_init.obj (.text:_system_pre_init)
                  0000cf6a    00000004                     : exit.obj (.text:abort)
                  0000cf6e    00000002                     : _lock.obj (.text:_nop)

.const     0    0000cf70    000000a3     
                  0000cf70    00000038     RFM73.obj (.const:Bank1_Reg0_13)
                  0000cfa8    0000002e     RFM73.obj (.const:Bank0_Reg)
                  0000cfd6    0000001c     main.obj (.const:.string)
                  0000cff2    0000000b     RFM73.obj (.const:.string:Bank1_Reg14)
                  0000cffd    00000001     --HOLE-- [fill = 0]
                  0000cffe    0000000a     misc.obj (.const:.string)
                  0000d008    00000005     RFM73.obj (.const:.string:RX0_Address)
                  0000d00d    00000001     --HOLE-- [fill = 0]
                  0000d00e    00000005     RFM73.obj (.const:.string:RX1_Address)

.cinit     0    0000d014    00000026     
                  0000d014    00000013     (.cinit..data.load) [load image]
                  0000d027    00000001     --HOLE-- [fill = 0]
                  0000d028    00000006     (__TI_handler_table)
                  0000d02e    00000004     (.cinit..bss.load) [load image, compression = zero_init]
                  0000d032    00000008     (__TI_cinit_table)

PORT1      0    0000ffe4    00000002     
                  0000ffe4    00000002     rts430_eabi.lib : int02.obj (.int02)

PORT2      0    0000ffe6    00000002     
                  0000ffe6    00000002     mesh.obj (.int03)

ADC10      0    0000ffea    00000002     
                  0000ffea    00000002     rts430_eabi.lib : int05.obj (.int05)

USCIAB0TX 
*          0    0000ffec    00000002     
                  0000ffec    00000002     rts430_eabi.lib : int06.obj (.int06)

USCIAB0RX 
*          0    0000ffee    00000002     
                  0000ffee    00000002     misc.obj (.int07)

TIMER0_A1 
*          0    0000fff0    00000002     
                  0000fff0    00000002     rts430_eabi.lib : int08.obj (.int08)

TIMER0_A0 
*          0    0000fff2    00000002     
                  0000fff2    00000002     rts430_eabi.lib : int09.obj (.int09)

WDT        0    0000fff4    00000002     
                  0000fff4    00000002     rts430_eabi.lib : int10.obj (.int10)

COMPARATORA 
*          0    0000fff6    00000002     
                  0000fff6    00000002     rts430_eabi.lib : int11.obj (.int11)

TIMER1_A1 
*          0    0000fff8    00000002     
                  0000fff8    00000002     rts430_eabi.lib : int12.obj (.int12)

TIMER1_A0 
*          0    0000fffa    00000002     
                  0000fffa    00000002     rts430_eabi.lib : int13.obj (.int13)

NMI        0    0000fffc    00000002     
                  0000fffc    00000002     rts430_eabi.lib : int14.obj (.int14)

.reset     0    0000fffe    00000002     
                  0000fffe    00000002     rts430_eabi.lib : boot.obj (.reset)


LINKER GENERATED COPY TABLES

__TI_cinit_table @ 0000d032 records: 2, size/record: 4, table size: 8
	.data: load addr=0000d014, load size=00000013 bytes, run addr=000002e6, run size=0000000f bytes, compression=copy
	.bss: load addr=0000d02e, load size=00000004 bytes, run addr=00000200, run size=000000e5 bytes, compression=zero_init


LINKER GENERATED HANDLER TABLE

__TI_handler_table @ 0000d028 records: 3, size/record: 2, table size: 6
	index: 0, handler: __TI_zero_init
	index: 1, handler: __TI_decompress_rle24
	index: 2, handler: __TI_decompress_none


GLOBAL SYMBOLS: SORTED ALPHABETICALLY BY Name 

address    name
--------   ----
0000004a   ADC10AE0
000001b0   ADC10CTL0
000001b2   ADC10CTL1
00000048   ADC10DTC0
00000049   ADC10DTC1
000001b4   ADC10MEM
000001bc   ADC10SA
00000057   BCSCTL1
00000058   BCSCTL2
00000053   BCSCTL3
0000cfa8   Bank0_Reg
0000cf70   Bank1_Reg0_13
0000cff2   Bank1_Reg14
0000cf6a   C$$EXIT
00000059   CACTL1
0000005a   CACTL2
000010fb   CALBC1_12MHZ
000010f9   CALBC1_16MHZ
000010ff   CALBC1_1MHZ
000010fd   CALBC1_8MHZ
000010fa   CALDCO_12MHZ
000010f8   CALDCO_16MHZ
000010fe   CALDCO_1MHZ
000010fc   CALDCO_8MHZ
0000005b   CAPD
00000056   DCOCTL
0000cde8   DelayMs
00000128   FCTL1
0000012a   FCTL2
0000012c   FCTL3
00000000   IE1
00000001   IE2
00000002   IFG1
00000003   IFG2
0000c8f8   ItoA
00000022   P1DIR
00000025   P1IE
00000024   P1IES
00000023   P1IFG
00000020   P1IN
00000021   P1OUT
00000027   P1REN
00000026   P1SEL
00000041   P1SEL2
0000002a   P2DIR
0000002d   P2IE
0000002c   P2IES
0000002b   P2IFG
00000028   P2IN
00000029   P2OUT
0000002f   P2REN
0000002e   P2SEL
00000042   P2SEL2
0000001a   P3DIR
00000018   P3IN
00000019   P3OUT
00000010   P3REN
0000001b   P3SEL
00000043   P3SEL2
0000c000   RFM73_Initialize
0000d008   RX0_Address
0000d00e   RX1_Address
0000cc12   SPI_RW
0000cd2c   SPI_Read_Buf
0000ce7a   SPI_Read_Reg
0000cd60   SPI_Write_Buf
0000ce5c   SPI_Write_Reg
0000cd90   SwitchCFG
0000cc4e   SwitchToRxMode
0000ce10   SwitchToTxMode
00000172   TA0CCR0
00000174   TA0CCR1
00000176   TA0CCR2
00000162   TA0CCTL0
00000164   TA0CCTL1
00000166   TA0CCTL2
00000160   TA0CTL
0000012e   TA0IV
00000170   TA0R
00000192   TA1CCR0
00000194   TA1CCR1
00000196   TA1CCR2
00000182   TA1CCTL0
00000184   TA1CCTL1
00000186   TA1CCTL2
00000180   TA1CTL
0000011e   TA1IV
00000190   TA1R
000010db   TLV_ADC10_1_LEN
000010da   TLV_ADC10_1_TAG
000010c0   TLV_CHECKSUM
000010f7   TLV_DCO_30_LEN
000010f6   TLV_DCO_30_TAG
0000cc86   UARTInit
0000cbc2   UARTReadLine
0000ceb0   UARTSendArray
0000005d   UCA0ABCTL
00000062   UCA0BR0
00000063   UCA0BR1
00000060   UCA0CTL0
00000061   UCA0CTL1
0000005f   UCA0IRRCTL
0000005e   UCA0IRTCTL
00000064   UCA0MCTL
00000066   UCA0RXBUF
00000065   UCA0STAT
00000067   UCA0TXBUF
0000006a   UCB0BR0
0000006b   UCB0BR1
00000068   UCB0CTL0
00000069   UCB0CTL1
0000006c   UCB0I2CIE
00000118   UCB0I2COA
0000011a   UCB0I2CSA
0000006e   UCB0RXBUF
0000006d   UCB0STAT
0000006f   UCB0TXBUF
0000c9e6   USCI0RX_ISR
00000120   WDTCTL
0000c234   WriteToFHEM
00000400   __STACK_END
00000050   __STACK_SIZE
0000d032   __TI_CINIT_Base
0000d03a   __TI_CINIT_Limit
0000d028   __TI_Handler_Table_Base
0000d02e   __TI_Handler_Table_Limit
UNDEFED    __TI_INITARRAY_Base
UNDEFED    __TI_INITARRAY_Limit
0000cf5a   __TI_ISR_TRAP
00000001   __TI_args_main
0000cf06   __TI_decompress_none
0000cf60   __TI_decompress_rle24
00000001   __TI_exit
0000ffe4   __TI_int02
0000ffe6   __TI_int03
0000ffea   __TI_int05
0000ffec   __TI_int06
0000ffee   __TI_int07
0000fff0   __TI_int08
0000fff2   __TI_int09
0000fff4   __TI_int10
0000fff6   __TI_int11
0000fff8   __TI_int12
0000fffa   __TI_int13
0000fffc   __TI_int14
0000cede   __TI_zero_init
ffffffff   __binit__
ffffffff   __c_args__
0000cdbc   __mspabi_divi
0000cec8   __mspabi_divu
0000cf48   __mspabi_func_epilog_1
0000cf46   __mspabi_func_epilog_2
0000cf44   __mspabi_func_epilog_3
0000cf42   __mspabi_func_epilog_4
0000cf40   __mspabi_func_epilog_5
0000cf3e   __mspabi_func_epilog_6
0000cf3c   __mspabi_func_epilog_7
0000cef2   __mspabi_mpyi
0000ce36   __mspabi_mpyl
0000cdbc   __mspabi_remi
0000cec8   __mspabi_remu
0000cf18   __mspabi_srll
0000cb10   _auto_init
0000ce96   _c_int00
0000ce96   _c_int00_noexit
000002ec   _lock
0000cf6e   _nop
0000fffe   _reset_vector
000003b0   _stack
0000cf66   _system_pre_init
000002ee   _unlock
0000cf6a   abort
ffffffff   binit
000002ea   callBackDataReceived
0000c970   initMesh
000002de   intStr
000002e8   lastAck
0000c48c   main
0000cf2a   memcpy
000002e4   op_status
0000c56a   printRoutingTable
0000c390   processReceivedData
0000ccbe   rand
0000c87c   receivePacketInterrupt
000002e6   receivedPacketCounter
0000cb6e   refreshRoutingTable
00000200   routingTable
000002a0   rxBuffer
0000c6be   sendDeviceInfoRequest
0000ccf6   sendPacket
0000c614   sendPacketForward
0000c754   sendReliable
0000c7e8   sendRoutingTable
000002e7   sentPacketCounter
0000cf4c   strlen
000002c0   uartTxBuffer
000002f4   uartTxBufferPos
0000ca4c   updateTableFromRxBuffer


GLOBAL SYMBOLS: SORTED BY Symbol Address 

address    name
--------   ----
00000000   IE1
00000001   IE2
00000001   __TI_args_main
00000001   __TI_exit
00000002   IFG1
00000003   IFG2
00000010   P3REN
00000018   P3IN
00000019   P3OUT
0000001a   P3DIR
0000001b   P3SEL
00000020   P1IN
00000021   P1OUT
00000022   P1DIR
00000023   P1IFG
00000024   P1IES
00000025   P1IE
00000026   P1SEL
00000027   P1REN
00000028   P2IN
00000029   P2OUT
0000002a   P2DIR
0000002b   P2IFG
0000002c   P2IES
0000002d   P2IE
0000002e   P2SEL
0000002f   P2REN
00000041   P1SEL2
00000042   P2SEL2
00000043   P3SEL2
00000048   ADC10DTC0
00000049   ADC10DTC1
0000004a   ADC10AE0
00000050   __STACK_SIZE
00000053   BCSCTL3
00000056   DCOCTL
00000057   BCSCTL1
00000058   BCSCTL2
00000059   CACTL1
0000005a   CACTL2
0000005b   CAPD
0000005d   UCA0ABCTL
0000005e   UCA0IRTCTL
0000005f   UCA0IRRCTL
00000060   UCA0CTL0
00000061   UCA0CTL1
00000062   UCA0BR0
00000063   UCA0BR1
00000064   UCA0MCTL
00000065   UCA0STAT
00000066   UCA0RXBUF
00000067   UCA0TXBUF
00000068   UCB0CTL0
00000069   UCB0CTL1
0000006a   UCB0BR0
0000006b   UCB0BR1
0000006c   UCB0I2CIE
0000006d   UCB0STAT
0000006e   UCB0RXBUF
0000006f   UCB0TXBUF
00000118   UCB0I2COA
0000011a   UCB0I2CSA
0000011e   TA1IV
00000120   WDTCTL
00000128   FCTL1
0000012a   FCTL2
0000012c   FCTL3
0000012e   TA0IV
00000160   TA0CTL
00000162   TA0CCTL0
00000164   TA0CCTL1
00000166   TA0CCTL2
00000170   TA0R
00000172   TA0CCR0
00000174   TA0CCR1
00000176   TA0CCR2
00000180   TA1CTL
00000182   TA1CCTL0
00000184   TA1CCTL1
00000186   TA1CCTL2
00000190   TA1R
00000192   TA1CCR0
00000194   TA1CCR1
00000196   TA1CCR2
000001b0   ADC10CTL0
000001b2   ADC10CTL1
000001b4   ADC10MEM
000001bc   ADC10SA
00000200   routingTable
000002a0   rxBuffer
000002c0   uartTxBuffer
000002de   intStr
000002e4   op_status
000002e6   receivedPacketCounter
000002e7   sentPacketCounter
000002e8   lastAck
000002ea   callBackDataReceived
000002ec   _lock
000002ee   _unlock
000002f4   uartTxBufferPos
000003b0   _stack
00000400   __STACK_END
000010c0   TLV_CHECKSUM
000010da   TLV_ADC10_1_TAG
000010db   TLV_ADC10_1_LEN
000010f6   TLV_DCO_30_TAG
000010f7   TLV_DCO_30_LEN
000010f8   CALDCO_16MHZ
000010f9   CALBC1_16MHZ
000010fa   CALDCO_12MHZ
000010fb   CALBC1_12MHZ
000010fc   CALDCO_8MHZ
000010fd   CALBC1_8MHZ
000010fe   CALDCO_1MHZ
000010ff   CALBC1_1MHZ
0000c000   RFM73_Initialize
0000c234   WriteToFHEM
0000c390   processReceivedData
0000c48c   main
0000c56a   printRoutingTable
0000c614   sendPacketForward
0000c6be   sendDeviceInfoRequest
0000c754   sendReliable
0000c7e8   sendRoutingTable
0000c87c   receivePacketInterrupt
0000c8f8   ItoA
0000c970   initMesh
0000c9e6   USCI0RX_ISR
0000ca4c   updateTableFromRxBuffer
0000cb10   _auto_init
0000cb6e   refreshRoutingTable
0000cbc2   UARTReadLine
0000cc12   SPI_RW
0000cc4e   SwitchToRxMode
0000cc86   UARTInit
0000ccbe   rand
0000ccf6   sendPacket
0000cd2c   SPI_Read_Buf
0000cd60   SPI_Write_Buf
0000cd90   SwitchCFG
0000cdbc   __mspabi_divi
0000cdbc   __mspabi_remi
0000cde8   DelayMs
0000ce10   SwitchToTxMode
0000ce36   __mspabi_mpyl
0000ce5c   SPI_Write_Reg
0000ce7a   SPI_Read_Reg
0000ce96   _c_int00
0000ce96   _c_int00_noexit
0000ceb0   UARTSendArray
0000cec8   __mspabi_divu
0000cec8   __mspabi_remu
0000cede   __TI_zero_init
0000cef2   __mspabi_mpyi
0000cf06   __TI_decompress_none
0000cf18   __mspabi_srll
0000cf2a   memcpy
0000cf3c   __mspabi_func_epilog_7
0000cf3e   __mspabi_func_epilog_6
0000cf40   __mspabi_func_epilog_5
0000cf42   __mspabi_func_epilog_4
0000cf44   __mspabi_func_epilog_3
0000cf46   __mspabi_func_epilog_2
0000cf48   __mspabi_func_epilog_1
0000cf4c   strlen
0000cf5a   __TI_ISR_TRAP
0000cf60   __TI_decompress_rle24
0000cf66   _system_pre_init
0000cf6a   C$$EXIT
0000cf6a   abort
0000cf6e   _nop
0000cf70   Bank1_Reg0_13
0000cfa8   Bank0_Reg
0000cff2   Bank1_Reg14
0000d008   RX0_Address
0000d00e   RX1_Address
0000d028   __TI_Handler_Table_Base
0000d02e   __TI_Handler_Table_Limit
0000d032   __TI_CINIT_Base
0000d03a   __TI_CINIT_Limit
0000ffe4   __TI_int02
0000ffe6   __TI_int03
0000ffea   __TI_int05
0000ffec   __TI_int06
0000ffee   __TI_int07
0000fff0   __TI_int08
0000fff2   __TI_int09
0000fff4   __TI_int10
0000fff6   __TI_int11
0000fff8   __TI_int12
0000fffa   __TI_int13
0000fffc   __TI_int14
0000fffe   _reset_vector
ffffffff   __binit__
ffffffff   __c_args__
ffffffff   binit
UNDEFED    __TI_INITARRAY_Base
UNDEFED    __TI_INITARRAY_Limit

[198 symbols]
